 Winrd

 Timestamp is 4461f1b2 (Wed May 10 16:59:14 2006)

 Preferred load address is 00400000

 Start         Length     Name                   Class
 0001:00000000 0003c8eeH .text                   CODE
 0001:0003c8f0 000011a4H .text$x                 CODE
 0002:00000000 000004c0H .idata$5                DATA
 0002:000004c0 0000809cH .rdata                  DATA
 0002:00008560 000014e0H .xdata$x                DATA
 0002:00009a40 000000f0H .idata$2                DATA
 0002:00009b30 00000014H .idata$3                DATA
 0002:00009b44 000004c0H .idata$4                DATA
 0002:0000a004 0000134cH .idata$6                DATA
 0002:0000b350 00000000H .edata                  DATA
 0003:00000000 00000004H .CRT$XCA                DATA
 0003:00000004 00000088H .CRT$XCU                DATA
 0003:0000008c 00000004H .CRT$XCZ                DATA
 0003:00000090 00000004H .CRT$XIA                DATA
 0003:00000094 00000004H .CRT$XIZ                DATA
 0003:000000a0 00000c54H .data                   DATA
 0003:00000cf8 00000ef4H .bss                    DATA
 0004:00000000 00000418H .rsrc$01                DATA
 0004:00000420 00162500H .rsrc$02                DATA

  Address         Publics by Value              Rva+Base     Lib:Object

 0001:00000000       _deskey                    00401000 f   d3des.obj
 0001:00000360       _cpkey                     00401360 f   d3des.obj
 0001:000003b0       _usekey                    004013b0 f   d3des.obj
 0001:00000400       _des                       00401400 f   d3des.obj
 0001:00000a70       ??0Log@@QAE@HHPAD_N@Z      00401a70 f   Log.obj
 0001:00000af0       ??_ELog@@UAEPAXI@Z         00401af0 f i Log.obj
 0001:00000af0       ??_GLog@@UAEPAXI@Z         00401af0 f i Log.obj
 0001:00000b30       ?SetMode@Log@@QAEXH@Z      00401b30 f   Log.obj
 0001:00000bd0       ?GetMode@Log@@QAEHXZ       00401bd0 f   Log.obj
 0001:00000bf0       ?SetLevel@Log@@QAEXH@Z     00401bf0 f   Log.obj
 0001:00000c10       ?GetLevel@Log@@QAEHXZ      00401c10 f   Log.obj
 0001:00000c30       ?SetFile@Log@@QAEXPAD_N@Z  00401c30 f   Log.obj
 0001:00000ca0       ?OpenFile@Log@@AAEXXZ      00401ca0 f   Log.obj
 0001:00000e00       ?CloseFile@Log@@AAEXXZ     00401e00 f   Log.obj
 0001:00000e40       ?ReallyPrint@Log@@AAEXPAD0@Z 00401e40 f   Log.obj
 0001:00000f50       ?ReallyPrintLine@Log@@AAEXPAD@Z 00401f50 f i Log.obj
 0001:00000ff0       ??1Log@@UAE@XZ             00401ff0 f   Log.obj
 0001:00001030       ?Print@Log@@QAAXHPADZZ     00402030 f i Log.obj
 0001:00001070       ??0rdAbout@@QAE@XZ         00402070 f   rdAbout.obj
 0001:00001090       ??1rdAbout@@QAE@XZ         00402090 f   rdAbout.obj
 0001:000010b0       ?Init@rdAbout@@QAEHXZ      004020b0 f   rdAbout.obj
 0001:000010d0       ?Show@rdAbout@@QAEXH@Z     004020d0 f   rdAbout.obj
 0001:00001110       ?DialogProc@rdAbout@@SGHPAUHWND__@@IIJ@Z 00402110 f   rdAbout.obj
 0001:000011e0       ??0rdAcceptDialog@@QAE@IHHPBD@Z 004021e0 f   rdAcceptDialog.obj
 0001:00001230       ??_GrdAcceptDialog@@UAEPAXI@Z 00402230 f i rdAcceptDialog.obj
 0001:00001230       ??_ErdAcceptDialog@@UAEPAXI@Z 00402230 f i rdAcceptDialog.obj
 0001:00001270       ??1rdAcceptDialog@@UAE@XZ  00402270 f   rdAcceptDialog.obj
 0001:000012b0       ?DoDialog@rdAcceptDialog@@QAEHXZ 004022b0 f   rdAcceptDialog.obj
 0001:00001330       ?rdAcceptDlgProc@rdAcceptDialog@@CGHPAUHWND__@@IIJ@Z 00402330 f   rdAcceptDialog.obj
 0001:000016e0       ??0rdAdvancedProperties@@QAE@XZ 004026e0 f   rdAdvancedProperties.obj
 0001:00001710       ??1rdAdvancedProperties@@QAE@XZ 00402710 f   rdAdvancedProperties.obj
 0001:00001730       ?Init@rdAdvancedProperties@@QAEHPAVrdServer@@@Z 00402730 f   rdAdvancedProperties.obj
 0001:00001760       ?Show@rdAdvancedProperties@@QAEXHH@Z 00402760 f   rdAdvancedProperties.obj
 0001:00001970       ?DialogProc@rdAdvancedProperties@@SGHPAUHWND__@@IIJ@Z 00402970 f   rdAdvancedProperties.obj
 0001:000022d0       ?LoadInt@rdAdvancedProperties@@IAEJPAUHKEY__@@PBDJ@Z 004032d0 f   rdAdvancedProperties.obj
 0001:00002340       ?LoadStringA@rdAdvancedProperties@@IAEPADPAUHKEY__@@PBD@Z 00403340 f   rdAdvancedProperties.obj
 0001:00002410       ?Load@rdAdvancedProperties@@QAEXH@Z 00403410 f   rdAdvancedProperties.obj
 0001:000028a0       ?LoadUserPrefs@rdAdvancedProperties@@IAEXPAUHKEY__@@@Z 004038a0 f   rdAdvancedProperties.obj
 0001:000029a0       ?ApplyUserPrefs@rdAdvancedProperties@@IAEXXZ 004039a0 f   rdAdvancedProperties.obj
 0001:00002a20       ?SaveInt@rdAdvancedProperties@@IAEXPAUHKEY__@@PBDJ@Z 00403a20 f   rdAdvancedProperties.obj
 0001:00002a50       ?Save@rdAdvancedProperties@@QAEXXZ 00403a50 f   rdAdvancedProperties.obj
 0001:00002ce0       ?SaveUserPrefs@rdAdvancedProperties@@IAEXPAUHKEY__@@@Z 00403ce0 f   rdAdvancedProperties.obj
 0001:00002da0       _rdEncryptPasswd           00403da0 f   rdauth.obj
 0001:00002e20       _rdDecryptPasswd           00403e20 f   rdauth.obj
 0001:00002e70       _rdRandomBytes             00403e70 f   rdauth.obj
 0001:00002ed0       _rdEncryptBytes            00403ed0 f   rdauth.obj
 0001:00002f70       ??0rdBuffer@@QAE@PAVrdDesktop@@@Z 00403f70 f   rdBuffer.obj
 0001:00003060       ??1rdBuffer@@QAE@XZ        00404060 f   rdBuffer.obj
 0001:000032a0       ?GetSize@rdBuffer@@QAE?AUtagRECT@@XZ 004042a0 f   rdBuffer.obj
 0001:00003300       ?GetLocalFormat@rdBuffer@@QAE?AU_rfbPixelFormat@@XZ 00404300 f   rdBuffer.obj
 0001:00003340       ?GetClientBuffer@rdBuffer@@QAEPAEXZ 00404340 f   rdBuffer.obj
 0001:00003360       ?GetRemotePalette@rdBuffer@@QAEHPAUtagRGBQUAD@@I@Z 00404360 f   rdBuffer.obj
 0001:000033b0       ?CheckBuffer@rdBuffer@@QAEHXZ 004043b0 f   rdBuffer.obj
 0001:000036d0       ?GetChangedRegion@rdBuffer@@QAEXAAVrdRegion@@AAUtagRECT@@@Z 004046d0 f   rdBuffer.obj
 0001:00003990       ?GetNumCodedRects@rdBuffer@@QAEIAAUtagRECT@@@Z 00404990 f   rdBuffer.obj
 0001:000039c0       ?GrabRect@rdBuffer@@QAEXAAUtagRECT@@@Z 004049c0 f   rdBuffer.obj
 0001:00003a00       ?CopyRect@rdBuffer@@QAEXAAUtagRECT@@AAUtagPOINT@@@Z 00404a00 f   rdBuffer.obj
 0001:00003b90       ?GrabMouse@rdBuffer@@QAE?AUtagRECT@@XZ 00404b90 f   rdBuffer.obj
 0001:00003c20       ?SetClientFormat@rdBuffer@@QAEHAAU_rfbPixelFormat@@@Z 00404c20 f   rdBuffer.obj
 0001:00003ca0       ?SetEncoding@rdBuffer@@QAEHK@Z 00404ca0 f   rdBuffer.obj
 0001:000041e0       ?SetCompressLevel@rdBuffer@@QAEXH@Z 004051e0 f   rdBuffer.obj
 0001:00004240       ?SetQualityLevel@rdBuffer@@QAEXH@Z 00405240 f   rdBuffer.obj
 0001:000042a0       ?EnableXCursor@rdBuffer@@QAEXH@Z 004052a0 f   rdBuffer.obj
 0001:000042f0       ?EnableRichCursor@rdBuffer@@QAEXH@Z 004052f0 f   rdBuffer.obj
 0001:00004340       ?EnableLastRect@rdBuffer@@QAEXH@Z 00405340 f   rdBuffer.obj
 0001:00004380       ?Clear@rdBuffer@@QAEXAAUtagRECT@@@Z 00405380 f   rdBuffer.obj
 0001:000044b0       ?TranslateRect@rdBuffer@@QAEIABUtagRECT@@PAVVSocket@@@Z 004054b0 f   rdBuffer.obj
 0001:00004500       ?FastCheckMainbuffer@rdBuffer@@IAEHXZ 00405500 f i rdBuffer.obj
 0001:00004540       ?IsCursorUpdatePending@rdBuffer@@QAEHXZ 00405540 f   rdBuffer.obj
 0001:000045a0       ?SendCursorShape@rdBuffer@@QAEHPAVVSocket@@@Z 004055a0 f   rdBuffer.obj
 0001:000045d0       ?SendEmptyCursorShape@rdBuffer@@QAEHPAVVSocket@@@Z 004055d0 f   rdBuffer.obj
 0001:00004600       ?EnableXCursor@rdEncoder@@QAEXH@Z 00405600 f i rdBuffer.obj
 0001:00004620       ?EnableRichCursor@rdEncoder@@QAEXH@Z 00405620 f i rdBuffer.obj
 0001:00004640       ?EnableLastRect@rdEncoder@@QAEXH@Z 00405640 f i rdBuffer.obj
 0001:00004660       ?GetCursor@rdDesktop@@QAEPAUHICON__@@XZ 00405660 f i rdBuffer.obj
 0001:00004680       ?OptimisedBlitBuffer@rdDesktop@@QAEPAXXZ 00405680 f i rdBuffer.obj
 0001:000046a0       ??1rdClientThread@@MAE@XZ  004056a0 f   rdClient.obj
 0001:00004730       ??_ErdClientThread@@MAEPAXI@Z 00405730 f i rdClient.obj
 0001:00004730       ??_GrdClientThread@@MAEPAXI@Z 00405730 f i rdClient.obj
 0001:00004770       ??_GrdClient@@QAEPAXI@Z    00405770 f i rdClient.obj
 0001:000047b0       ?Init@rdClientThread@@UAEHPAVrdClient@@PAVrdServer@@PAVVSocket@@HH@Z 004057b0 f   rdClient.obj
 0001:00004800       ?InitVersion@rdClientThread@@UAEHXZ 00405800 f   rdClient.obj
 0001:000048a0       ?InitAuthenticate@rdClientThread@@UAEHXZ 004058a0 f   rdClient.obj
 0001:000053f0       ?ClearKeyState@@YAXE@Z     004063f0 f   rdClient.obj
 0001:00005450       ?run@rdClientThread@@UAEXPAX@Z 00406450 f   rdClient.obj
 0001:00006890       ??0rdClient@@QAE@XZ        00407890 f   rdClient.obj
 0001:00006a00       ??1rdClient@@QAE@XZ        00407a00 f   rdClient.obj
 0001:00006b60       ??_GrdBuffer@@QAEPAXI@Z    00407b60 f i rdClient.obj
 0001:00006ba0       ?Init@rdClient@@UAEHPAVrdServer@@PAVVSocket@@HHF@Z 00407ba0 f   rdClient.obj
 0001:00006cb0       ??0rdClientThread@@QAE@XZ  00407cb0 f i rdClient.obj
 0001:00006ce0       ?Kill@rdClient@@UAEXXZ     00407ce0 f   rdClient.obj
 0001:00006d10       ?SetBuffer@rdClient@@UAEXPAVrdBuffer@@@Z 00407d10 f   rdClient.obj
 0001:00006d30       ?PollWindow@rdClient@@IAEXPAUHWND__@@@Z 00407d30 f   rdClient.obj
 0001:00006e00       ?TriggerUpdate@rdClient@@UAEXXZ 00407e00 f   rdClient.obj
 0001:00007050       ?IsEmpty@rdRegion@@QAEHXZ  00408050 f i rdClient.obj
 0001:00007070       ??0ToText@rdPasswd@@QAE@QBD@Z 00408070 f i rdClient.obj
 0001:000070b0       ??1ToText@rdPasswd@@QAE@XZ 004080b0 f i rdClient.obj
 0001:00007100       ??BToText@rdPasswd@@QBEPBDXZ 00408100 f i rdClient.obj
 0001:00007120       ?UpdateMouse@rdClient@@UAEXXZ 00408120 f   rdClient.obj
 0001:000071e0       ?UpdateRect@rdClient@@UAEXAAUtagRECT@@@Z 004081e0 f   rdClient.obj
 0001:00007280       ?UpdateRegion@rdClient@@UAEXAAVrdRegion@@@Z 00408280 f   rdClient.obj
 0001:00007330       ?CopyRect@rdClient@@UAEXAAUtagRECT@@AAUtagPOINT@@@Z 00408330 f   rdClient.obj
 0001:00007580       ?UpdateClipText@rdClient@@UAEXPAD@Z 00408580 f   rdClient.obj
 0001:000076d0       ?UpdatePalette@rdClient@@UAEXXZ 004086d0 f   rdClient.obj
 0001:00007710       ?GetClientName@rdClient@@UAEPBDXZ 00408710 f   rdClient.obj
 0001:00007730       ?SendRFBMsg@rdClient@@IAEHEPAEH@Z 00408730 f   rdClient.obj
 0001:00007790       ?SendUpdate@rdClient@@IAEHXZ 00408790 f   rdClient.obj
 0001:00007f90       ?CheckRects@rdClient@@IAEXAAVrdRegion@@AAV?$list@UtagRECT@@V?$allocator@UtagRECT@@@std@@@std@@@Z 00408f90 f i rdClient.obj
 0001:00008010       ?ClearRects@rdClient@@IAEXAAVrdRegion@@AAV?$list@UtagRECT@@V?$allocator@UtagRECT@@@std@@@std@@@Z 00409010 f i rdClient.obj
 0001:000080a0       ?GrabRegion@rdClient@@IAEXAAVrdRegion@@@Z 004090a0 f i rdClient.obj
 0001:00008210       ?SetTeleport@rdClient@@UAEXH@Z 00409210 f i rdClient.obj
 0001:00008230       ?EnableKeyboard@rdClient@@UAEXH@Z 00409230 f i rdClient.obj
 0001:00008250       ?EnablePointer@rdClient@@UAEXH@Z 00409250 f i rdClient.obj
 0001:00008270       ?SetCapability@rdClient@@UAEXH@Z 00409270 f i rdClient.obj
 0001:00008290       ?IsTeleport@rdClient@@UAEHXZ 00409290 f i rdClient.obj
 0001:000082b0       ?IsKeyboardEnabled@rdClient@@UAEHXZ 004092b0 f i rdClient.obj
 0001:000082d0       ?IsPointerEnabled@rdClient@@UAEHXZ 004092d0 f i rdClient.obj
 0001:000082f0       ?GetCapability@rdClient@@UAEHXZ 004092f0 f i rdClient.obj
 0001:00008310       ?GetClientId@rdClient@@UAEFXZ 00409310 f i rdClient.obj
 0001:00008330       ?SendRectangles@rdClient@@IAEHAAV?$list@UtagRECT@@V?$allocator@UtagRECT@@@std@@@std@@@Z 00409330 f   rdClient.obj
 0001:000083a0       ?SendRectangle@rdClient@@IAEHAAUtagRECT@@@Z 004093a0 f   rdClient.obj
 0001:000083f0       ?SendCopyRect@rdClient@@IAEHAAUtagRECT@@AAUtagPOINT@@@Z 004093f0 f   rdClient.obj
 0001:00008530       ?SendLastRect@rdClient@@IAEHXZ 00409530 f   rdClient.obj
 0001:00008580       ?SendPalette@rdClient@@IAEHXZ 00409580 f   rdClient.obj
 0001:00008750       ?SendCursorShapeUpdate@rdClient@@IAEHXZ 00409750 f   rdClient.obj
 0001:000087b0       ?SendCursorPosUpdate@rdClient@@IAEHXZ 004097b0 f   rdClient.obj
 0001:00008840       ??0?$list@UtagRECT@@V?$allocator@UtagRECT@@@std@@@std@@QAE@ABV?$allocator@UtagRECT@@@1@@Z 00409840 f i rdClient.obj
 0001:00008880       ??1?$list@UtagRECT@@V?$allocator@UtagRECT@@@std@@@std@@QAE@XZ 00409880 f i rdClient.obj
 0001:000088e0       ?begin@?$list@UtagRECT@@V?$allocator@UtagRECT@@@std@@@std@@QAE?AViterator@12@XZ 004098e0 f i rdClient.obj
 0001:00008920       ?end@?$list@UtagRECT@@V?$allocator@UtagRECT@@@std@@@std@@QAE?AViterator@12@XZ 00409920 f i rdClient.obj
 0001:00008950       ?empty@?$list@UtagRECT@@V?$allocator@UtagRECT@@@std@@@std@@QBE_NXZ 00409950 f i rdClient.obj
 0001:00008970       ?front@?$list@UtagRECT@@V?$allocator@UtagRECT@@@std@@@std@@QAEAAUtagRECT@@XZ 00409970 f i rdClient.obj
 0001:000089a0       ?pop_front@?$list@UtagRECT@@V?$allocator@UtagRECT@@@std@@@std@@QAEXXZ 004099a0 f i rdClient.obj
 0001:000089d0       ?clear@?$list@UtagRECT@@V?$allocator@UtagRECT@@@std@@@std@@QAEXXZ 004099d0 f i rdClient.obj
 0001:00008a10       ?sort@?$list@UtagRECT@@V?$allocator@UtagRECT@@@std@@@std@@QAEXXZ 00409a10 f i rdClient.obj
 0001:00008c20       ??0iterator@?$list@UtagRECT@@V?$allocator@UtagRECT@@@std@@@std@@QAE@XZ 00409c20 f i rdClient.obj
 0001:00008c40       ??Diterator@?$list@UtagRECT@@V?$allocator@UtagRECT@@@std@@@std@@QBEAAUtagRECT@@XZ 00409c40 f i rdClient.obj
 0001:00008c70       ??Eiterator@?$list@UtagRECT@@V?$allocator@UtagRECT@@@std@@@std@@QAE?AV012@H@Z 00409c70 f i rdClient.obj
 0001:00008ca0       ??9iterator@?$list@UtagRECT@@V?$allocator@UtagRECT@@@std@@@std@@QBE_NABV012@@Z 00409ca0 f i rdClient.obj
 0001:00008cd0       ??_F?$list@UtagRECT@@V?$allocator@UtagRECT@@@std@@@std@@QAEXXZ 00409cd0 f i rdClient.obj
 0001:00008cf0       ?size@?$list@UtagRECT@@V?$allocator@UtagRECT@@@std@@@std@@QBEIXZ 00409cf0 f i rdClient.obj
 0001:00008d10       ?erase@?$list@UtagRECT@@V?$allocator@UtagRECT@@@std@@@std@@QAE?AViterator@12@V312@@Z 00409d10 f i rdClient.obj
 0001:00008dd0       ?erase@?$list@UtagRECT@@V?$allocator@UtagRECT@@@std@@@std@@QAE?AViterator@12@V312@0@Z 00409dd0 f i rdClient.obj
 0001:00008e30       ?swap@?$list@UtagRECT@@V?$allocator@UtagRECT@@@std@@@std@@QAEXAAV12@@Z 00409e30 f i rdClient.obj
 0001:00008ee0       ?splice@?$list@UtagRECT@@V?$allocator@UtagRECT@@@std@@@std@@QAEXViterator@12@AAV12@0@Z 00409ee0 f i rdClient.obj
 0001:00008f60       ?merge@?$list@UtagRECT@@V?$allocator@UtagRECT@@@std@@@std@@QAEXAAV12@@Z 00409f60 f i rdClient.obj
 0001:000090e0       ?_Buynode@?$list@UtagRECT@@V?$allocator@UtagRECT@@@std@@@std@@IAEPAU_Node@12@PAU312@0@Z 0040a0e0 f i rdClient.obj
 0001:00009150       ?_Freenode@?$list@UtagRECT@@V?$allocator@UtagRECT@@@std@@@std@@IAEXPAU_Node@12@@Z 0040a150 f i rdClient.obj
 0001:00009180       ?_Next@_Acc@?$list@UtagRECT@@V?$allocator@UtagRECT@@@std@@@std@@SAAAPAU_Node@23@PAU423@@Z 0040a180 f i rdClient.obj
 0001:000091a0       ?_Value@_Acc@?$list@UtagRECT@@V?$allocator@UtagRECT@@@std@@@std@@SAAAUtagRECT@@PAU_Node@23@@Z 0040a1a0 f i rdClient.obj
 0001:000091c0       ??0const_iterator@?$list@UtagRECT@@V?$allocator@UtagRECT@@@std@@@std@@QAE@XZ 0040a1c0 f i rdClient.obj
 0001:000091e0       ??0iterator@?$list@UtagRECT@@V?$allocator@UtagRECT@@@std@@@std@@QAE@PAU_Node@12@@Z 0040a1e0 f i rdClient.obj
 0001:00009210       ??Eiterator@?$list@UtagRECT@@V?$allocator@UtagRECT@@@std@@@std@@QAEAAV012@XZ 0040a210 f i rdClient.obj
 0001:00009240       ??8iterator@?$list@UtagRECT@@V?$allocator@UtagRECT@@@std@@@std@@QBE_NABV012@@Z 0040a240 f i rdClient.obj
 0001:00009270       ?splice@?$list@UtagRECT@@V?$allocator@UtagRECT@@@std@@@std@@QAEXViterator@12@AAV12@@Z 0040a270 f i rdClient.obj
 0001:000092e0       ?splice@?$list@UtagRECT@@V?$allocator@UtagRECT@@@std@@@std@@QAEXViterator@12@AAV12@00@Z 0040a2e0 f i rdClient.obj
 0001:00009370       ?_Splice@?$list@UtagRECT@@V?$allocator@UtagRECT@@@std@@@std@@IAEXViterator@12@AAV12@00@Z 0040a370 f i rdClient.obj
 0001:000094d0       ?_Prev@_Acc@?$list@UtagRECT@@V?$allocator@UtagRECT@@@std@@@std@@SAAAPAU_Node@23@PAU423@@Z 0040a4d0 f i rdClient.obj
 0001:000094f0       ?_Charalloc@?$allocator@UtagRECT@@@std@@QAEPADI@Z 0040a4f0 f i rdClient.obj
 0001:00009520       ?deallocate@?$allocator@UtagRECT@@@std@@QAEXPAXI@Z 0040a520 f i rdClient.obj
 0001:00009550       ?destroy@?$allocator@UtagRECT@@@std@@QAEXPAUtagRECT@@@Z 0040a550 f i rdClient.obj
 0001:00009580       ??0const_iterator@?$list@UtagRECT@@V?$allocator@UtagRECT@@@std@@@std@@QAE@PAU_Node@12@@Z 0040a580 f i rdClient.obj
 0001:000095a0       ?_Mynode@const_iterator@?$list@UtagRECT@@V?$allocator@UtagRECT@@@std@@@std@@QBEPAU_Node@23@XZ 0040a5a0 f i rdClient.obj
 0001:000095c0       ?insert@?$list@UtagRECT@@V?$allocator@UtagRECT@@@std@@@std@@QAEXViterator@12@Vconst_iterator@12@1@Z 0040a5c0 f i rdClient.obj
 0001:00009610       ??0const_iterator@?$list@UtagRECT@@V?$allocator@UtagRECT@@@std@@@std@@QAE@ABViterator@12@@Z 0040a610 f i rdClient.obj
 0001:00009640       ?insert@?$list@UtagRECT@@V?$allocator@UtagRECT@@@std@@@std@@QAE?AViterator@12@V312@ABUtagRECT@@@Z 0040a640 f i rdClient.obj
 0001:00009700       ??Dconst_iterator@?$list@UtagRECT@@V?$allocator@UtagRECT@@@std@@@std@@QBEABUtagRECT@@XZ 0040a700 f i rdClient.obj
 0001:00009730       ??Econst_iterator@?$list@UtagRECT@@V?$allocator@UtagRECT@@@std@@@std@@QAEAAV012@XZ 0040a730 f i rdClient.obj
 0001:00009760       ??9const_iterator@?$list@UtagRECT@@V?$allocator@UtagRECT@@@std@@@std@@QBE_NABV012@@Z 0040a760 f i rdClient.obj
 0001:00009790       ?construct@?$allocator@UtagRECT@@@std@@QAEXPAUtagRECT@@ABU3@@Z 0040a790 f i rdClient.obj
 0001:000097c0       ??8const_iterator@?$list@UtagRECT@@V?$allocator@UtagRECT@@@std@@@std@@QBE_NABV012@@Z 0040a7c0 f i rdClient.obj
 0001:000097f0       ??8std@@YA_NABV?$allocator@UtagRECT@@@0@0@Z 0040a7f0 f i rdClient.obj
 0001:00009810       ?swap@std@@YAXAAPAU_Node@?$list@UtagRECT@@V?$allocator@UtagRECT@@@std@@@1@0@Z 0040a810 f i rdClient.obj
 0001:00009840       ?swap@std@@YAXAAI0@Z       0040a840 f i rdClient.obj
 0001:00009870       ?_Distance@std@@YAXViterator@?$list@UtagRECT@@V?$allocator@UtagRECT@@@std@@@1@0AAH@Z 0040a870 f i rdClient.obj
 0001:000098b0       ?_Allocate@std@@YAPADHPAD@Z 0040a8b0 f i rdClient.obj
 0001:000098e0       ?_Destroy@std@@YAXPAUtagRECT@@@Z 0040a8e0 f i rdClient.obj
 0001:000098f0       ?_Construct@std@@YAXPAUtagRECT@@ABU2@@Z 0040a8f0 f i rdClient.obj
 0001:00009950       ??2@YAPAXIPAX@Z            0040a950 f i rdClient.obj
 0001:00009970       ?_Iter_cat@std@@YA?AUbidirectional_iterator_tag@1@ABU?$iterator@Ubidirectional_iterator_tag@std@@UtagRECT@@H@1@@Z 0040a970 f i rdClient.obj
 0001:000099a0       ?_Distance@std@@YAXViterator@?$list@UtagRECT@@V?$allocator@UtagRECT@@@std@@@1@0AAHUbidirectional_iterator_tag@1@@Z 0040a9a0 f i rdClient.obj
 0001:000099e0       ??0rdConnDialog@@QAE@PAVrdServer@@@Z 0040a9e0 f   rdConnDialog.obj
 0001:00009a10       ??_GrdConnDialog@@UAEPAXI@Z 0040aa10 f i rdConnDialog.obj
 0001:00009a10       ??_ErdConnDialog@@UAEPAXI@Z 0040aa10 f i rdConnDialog.obj
 0001:00009a50       ??1rdConnDialog@@UAE@XZ    0040aa50 f   rdConnDialog.obj
 0001:00009a70       ?DoDialog@rdConnDialog@@QAEXXZ 0040aa70 f   rdConnDialog.obj
 0001:00009ad0       ?rdConnDlgProc@rdConnDialog@@CGHPAUHWND__@@IIJ@Z 0040aad0 f   rdConnDialog.obj
 0001:00009e90       ?Init@rdDesktopThread@@UAEHPAVrdDesktop@@PAVrdServer@@@Z 0040ae90 f   rdDesktop.obj
 0001:00009f80       ?ReturnVal@rdDesktopThread@@UAEXH@Z 0040af80 f   rdDesktop.obj
 0001:0000a000       ?run_undetached@rdDesktopThread@@UAEPAXPAX@Z 0040b000 f   rdDesktop.obj
 0001:0000a490       ??0rdDesktop@@QAE@XZ       0040b490 f   rdDesktop.obj
 0001:0000a550       ??1rdDesktop@@QAE@XZ       0040b550 f   rdDesktop.obj
 0001:0000a5f0       ?Startup@rdDesktop@@IAEHXZ 0040b5f0 f   rdDesktop.obj
 0001:0000a7c0       ?Shutdown@rdDesktop@@IAEHXZ 0040b7c0 f   rdDesktop.obj
 0001:0000a930       ?InitDesktop@rdDesktop@@IAEHXZ 0040b930 f   rdDesktop.obj
 0001:0000a960       ?KillScreenSaverFunc@@YGHPAUHWND__@@J@Z 0040b960 f   rdDesktop.obj
 0001:0000a9c0       ?KillScreenSaver@rdDesktop@@IAEXXZ 0040b9c0 f   rdDesktop.obj
 0001:0000aad0       ?ChangeResNow@rdDesktop@@IAEXXZ 0040bad0 f   rdDesktop.obj
 0001:0000ad70       ?DisableIfRegSystemParameter@rdDesktop@@IAEXPADHHPAXH@Z 0040bd70 f   rdDesktop.obj
 0001:0000ae30       ?SetupDisplayForConnection@rdDesktop@@IAEXXZ 0040be30 f   rdDesktop.obj
 0001:0000aec0       ?OptimizeDisplayForConnection@rdDesktop@@IAEHXZ 0040bec0 f   rdDesktop.obj
 0001:0000b010       ?ResetDisplayToNormal@rdDesktop@@IAEXXZ 0040c010 f   rdDesktop.obj
 0001:0000b210       ?InitBitmap@rdDesktop@@IAEHXZ 0040c210 f   rdDesktop.obj
 0001:0000b560       ?ThunkBitmapInfo@rdDesktop@@IAEHXZ 0040c560 f   rdDesktop.obj
 0001:0000b6e0       ?SetPixFormat@rdDesktop@@IAEHXZ 0040c6e0 f   rdDesktop.obj
 0001:0000b790       ?SetPixShifts@rdDesktop@@IAEHXZ 0040c790 f   rdDesktop.obj
 0001:0000b930       ?SetPalette@rdDesktop@@IAEHXZ 0040c930 f   rdDesktop.obj
 0001:0000baf0       ?InitWindow@rdDesktop@@IAEHXZ 0040caf0 f   rdDesktop.obj
 0001:0000bc10       ?EnableOptimisedBlits@rdDesktop@@IAEXXZ 0040cc10 f   rdDesktop.obj
 0001:0000bcf0       ?Init@rdDesktop@@QAEHPAVrdServer@@@Z 0040ccf0 f   rdDesktop.obj
 0001:0000bde0       ??0rdDesktopThread@@QAE@XZ 0040cde0 f i rdDesktop.obj
 0001:0000be50       ??_GrdDesktopThread@@MAEPAXI@Z 0040ce50 f i rdDesktop.obj
 0001:0000be50       ??_ErdDesktopThread@@MAEPAXI@Z 0040ce50 f i rdDesktop.obj
 0001:0000be90       ??1rdDesktopThread@@MAE@XZ 0040ce90 f i rdDesktop.obj
 0001:0000bf30       ??_Gomni_condition@@QAEPAXI@Z 0040cf30 f i rdDesktop.obj
 0001:0000bf70       ?Window@rdDesktop@@QAEPAUHWND__@@XZ 0040cf70 f i rdDesktop.obj
 0001:0000bf90       ?SetClipboardActive@rdDesktop@@IAEXH@Z 0040cf90 f i rdDesktop.obj
 0001:0000bfb0       ?RequestUpdate@rdDesktop@@QAEXXZ 0040cfb0 f   rdDesktop.obj
 0001:0000bfe0       ?ScreenBuffSize@rdDesktop@@QAEHXZ 0040cfe0 f   rdDesktop.obj
 0001:0000c030       ?FillDisplayInfo@rdDesktop@@QAEXPAU_rfbServerInitMsg@@@Z 0040d030 f   rdDesktop.obj
 0001:0000c060       ?CaptureScreen@rdDesktop@@QAEXAAUtagRECT@@PAEI@Z 0040d060 f   rdDesktop.obj
 0001:0000c170       ?CaptureMouse@rdDesktop@@QAEXPAEI@Z 0040d170 f   rdDesktop.obj
 0001:0000c370       ?GetRichCursorData@rdDesktop@@QAEHPAEPAUHICON__@@HH@Z 0040d370 f   rdDesktop.obj
 0001:0000c520       ?MouseRect@rdDesktop@@QAE?AUtagRECT@@XZ 0040d520 f   rdDesktop.obj
 0001:0000c560       ?SetCursor@rdDesktop@@QAEXPAUHICON__@@@Z 0040d560 f   rdDesktop.obj
 0001:0000c5a0       ?SetClipText@rdDesktop@@QAEXPAD@Z 0040d5a0 f   rdDesktop.obj
 0001:0000c630       ?MaskToMaxAndShift@rdDesktop@@KAXKAAGAAE@Z 0040d630 f i rdDesktop.obj
 0001:0000c680       ?CopyToBuffer@rdDesktop@@IAEXAAUtagRECT@@PAEI@Z 0040d680 f   rdDesktop.obj
 0001:0000c8f0       ?EnumWindowsFn@@YGHPAUHWND__@@J@Z 0040d8f0 f   rdDesktop.obj
 0001:0000ca60       ?CalcCopyRects@rdDesktop@@IAEXXZ 0040da60 f   rdDesktop.obj
 0001:0000ca90       ?DesktopWndProc@@YGJPAUHWND__@@IIJ@Z 0040da90 f   rdDesktop.obj
 0001:0000cd10       ??0rdEncodeCoRRE@@QAE@XZ   0040dd10 f   rdEncodeCoRRE.obj
 0001:0000cdb0       ??_GrdEncodeCoRRE@@UAEPAXI@Z 0040ddb0 f i rdEncodeCoRRE.obj
 0001:0000cdb0       ??_ErdEncodeCoRRE@@UAEPAXI@Z 0040ddb0 f i rdEncodeCoRRE.obj
 0001:0000cdf0       ??1rdEncodeCoRRE@@UAE@XZ   0040ddf0 f   rdEncodeCoRRE.obj
 0001:0000ce40       ?Init@rdEncodeCoRRE@@UAEXXZ 0040de40 f   rdEncodeCoRRE.obj
 0001:0000ce60       ?RequiredBuffSize@rdEncodeCoRRE@@UAEIII@Z 0040de60 f   rdEncodeCoRRE.obj
 0001:0000cec0       ?NumCodedRects@rdEncodeCoRRE@@UAEIAAUtagRECT@@@Z 0040dec0 f   rdEncodeCoRRE.obj
 0001:0000d130       ?EncodeRect@rdEncodeCoRRE@@UAEIPAE0ABUtagRECT@@@Z 0040e130 f   rdEncodeCoRRE.obj
 0001:0000d1e0       ?InternalEncodeRect@rdEncodeCoRRE@@MAEIPAE0ABUtagRECT@@@Z 0040e1e0 f   rdEncodeCoRRE.obj
 0001:0000d380       ?SetCoRREMax@rdEncodeCoRRE@@UAEXEE@Z 0040e380 f   rdEncodeCoRRE.obj
 0001:0000d3c0       ?EncodeSmallRect@rdEncodeCoRRE@@MAEIPAE0ABUtagRECT@@@Z 0040e3c0 f   rdEncodeCoRRE.obj
 0001:0000e1c0       ?GetEncodingName@rdEncodeCoRRE@@UAEPBDXZ 0040f1c0 f i rdEncodeCoRRE.obj
 0001:0000e1e0       ??0rdEncodeHexT@@QAE@XZ    0040f1e0 f   rdEncodeHexT.obj
 0001:0000e210       ??_GrdEncodeHexT@@UAEPAXI@Z 0040f210 f i rdEncodeHexT.obj
 0001:0000e210       ??_ErdEncodeHexT@@UAEPAXI@Z 0040f210 f i rdEncodeHexT.obj
 0001:0000e250       ??1rdEncodeHexT@@UAE@XZ    0040f250 f   rdEncodeHexT.obj
 0001:0000e280       ?Init@rdEncodeHexT@@UAEXXZ 0040f280 f   rdEncodeHexT.obj
 0001:0000e2a0       ?RequiredBuffSize@rdEncodeHexT@@UAEIII@Z 0040f2a0 f   rdEncodeHexT.obj
 0001:0000e2e0       ?NumCodedRects@rdEncodeHexT@@UAEIAAUtagRECT@@@Z 0040f2e0 f   rdEncodeHexT.obj
 0001:0000e300       ?EncodeRect@rdEncodeHexT@@UAEIPAE0ABUtagRECT@@@Z 0040f300 f   rdEncodeHexT.obj
 0001:0000e5a0       ?EncodeHextiles8@rdEncodeHexT@@MAEIPAE0HHHH@Z 0040f5a0 f   rdEncodeHexT.obj
 0001:0000ec80       ?EncodeHextiles16@rdEncodeHexT@@MAEIPAE0HHHH@Z 0040fc80 f   rdEncodeHexT.obj
 0001:0000f390       ?EncodeHextiles32@rdEncodeHexT@@MAEIPAE0HHHH@Z 00410390 f   rdEncodeHexT.obj
 0001:0000fab0       ?GetEncodingName@rdEncodeHexT@@UAEPBDXZ 00410ab0 f i rdEncodeHexT.obj
 0001:0000fad0       ??0rdEncoder@@QAE@XZ       00410ad0 f   rdEncoder.obj
 0001:0000fb80       ??_GrdEncoder@@UAEPAXI@Z   00410b80 f i rdEncoder.obj
 0001:0000fb80       ??_ErdEncoder@@UAEPAXI@Z   00410b80 f i rdEncoder.obj
 0001:0000fbc0       ??1rdEncoder@@UAE@XZ       00410bc0 f   rdEncoder.obj
 0001:0000fc30       ?Init@rdEncoder@@UAEXXZ    00410c30 f   rdEncoder.obj
 0001:0000fc70       ?LogStats@rdEncoder@@UAEXXZ 00410c70 f   rdEncoder.obj
 0001:0000fd10       ?RequiredBuffSize@rdEncoder@@UAEIII@Z 00410d10 f   rdEncoder.obj
 0001:0000fd40       ?NumCodedRects@rdEncoder@@UAEIAAUtagRECT@@@Z 00410d40 f   rdEncoder.obj
 0001:0000fd60       ?Translate@rdEncoder@@UAEXPAE0ABUtagRECT@@@Z 00410d60 f i rdEncoder.obj
 0001:0000fdf0       ?EncodeRect@rdEncoder@@UAEIPAE0ABUtagRECT@@@Z 00410df0 f i rdEncoder.obj
 0001:0000ffe0       ?EncodeRect@rdEncoder@@UAEIPAEPAVVSocket@@0ABUtagRECT@@@Z 00410fe0 f i rdEncoder.obj
 0001:00010010       ?GetRemotePalette@rdEncoder@@QAEHPAUtagRGBQUAD@@I@Z 00411010 f   rdEncoder.obj
 0001:00010270       ?SetTranslateFunction@rdEncoder@@IAEHXZ 00411270 f   rdEncoder.obj
 0001:00010780       ?SetLocalFormat@rdEncoder@@QAEHAAU_rfbPixelFormat@@HH@Z 00411780 f   rdEncoder.obj
 0001:000107f0       ?SetRemoteFormat@rdEncoder@@QAEHAAU_rfbPixelFormat@@@Z 004117f0 f   rdEncoder.obj
 0001:00010830       ?SetCompressLevel@rdEncoder@@QAEXH@Z 00411830 f   rdEncoder.obj
 0001:00010870       ?SetQualityLevel@rdEncoder@@QAEXH@Z 00411870 f   rdEncoder.obj
 0001:000108b0       ?SendEmptyCursorShape@rdEncoder@@QAEHPAVVSocket@@@Z 004118b0 f   rdEncoder.obj
 0001:00010910       ?SendCursorShape@rdEncoder@@QAEHPAVVSocket@@PAVrdDesktop@@@Z 00411910 f   rdEncoder.obj
 0001:00010c60       ?SendXCursorShape@rdEncoder@@IAEHPAVVSocket@@PAEHHHH@Z 00411c60 f   rdEncoder.obj
 0001:00010d80       ?SendRichCursorShape@rdEncoder@@IAEHPAVVSocket@@PAE1HHHH@Z 00411d80 f   rdEncoder.obj
 0001:00010f20       ?Translate@rdEncoder@@QAEXPAE0HHH@Z 00411f20 f i rdEncoder.obj
 0001:00010f70       ?FixCursorMask@rdEncoder@@IAEXPAE0HHH@Z 00411f70 f   rdEncoder.obj
 0001:00011270       ?GetEncodingName@rdEncoder@@UAEPBDXZ 00412270 f i rdEncoder.obj
 0001:00011290       ??0rdEncodeRRE@@QAE@XZ     00412290 f   rdEncodeRRE.obj
 0001:000112d0       ??_GrdEncodeRRE@@UAEPAXI@Z 004122d0 f i rdEncodeRRE.obj
 0001:000112d0       ??_ErdEncodeRRE@@UAEPAXI@Z 004122d0 f i rdEncodeRRE.obj
 0001:00011310       ??1rdEncodeRRE@@UAE@XZ     00412310 f   rdEncodeRRE.obj
 0001:00011360       ?Init@rdEncodeRRE@@UAEXXZ  00412360 f   rdEncodeRRE.obj
 0001:00011380       ?RequiredBuffSize@rdEncodeRRE@@UAEIII@Z 00412380 f   rdEncodeRRE.obj
 0001:000113b0       ?NumCodedRects@rdEncodeRRE@@UAEIAAUtagRECT@@@Z 004123b0 f   rdEncodeRRE.obj
 0001:00011410       ?EncodeRect@rdEncodeRRE@@UAEIPAE0ABUtagRECT@@@Z 00412410 f i rdEncodeRRE.obj
 0001:000122f0       ?GetEncodingName@rdEncodeRRE@@UAEPBDXZ 004132f0 f i rdEncodeRRE.obj
 0001:00012310       ??0rdEncodeTight@@QAE@XZ   00413310 f   rdEncodeTight.obj
 0001:000123d0       ??_ErdEncodeTight@@UAEPAXI@Z 004133d0 f i rdEncodeTight.obj
 0001:000123d0       ??_GrdEncodeTight@@UAEPAXI@Z 004133d0 f i rdEncodeTight.obj
 0001:00012410       ??1rdEncodeTight@@UAE@XZ   00413410 f   rdEncodeTight.obj
 0001:000124d0       ?Init@rdEncodeTight@@UAEXXZ 004134d0 f   rdEncodeTight.obj
 0001:000124f0       ?RequiredBuffSize@rdEncodeTight@@UAEIII@Z 004134f0 f   rdEncodeTight.obj
 0001:00012540       ?NumCodedRects@rdEncodeTight@@UAEIAAUtagRECT@@@Z 00413540 f   rdEncodeTight.obj
 0001:00012620       ?EncodeRect@rdEncodeTight@@UAEIPAEPAVVSocket@@0ABUtagRECT@@@Z 00413620 f   rdEncodeTight.obj
 0001:00012c20       ?FindBestSolidArea@rdEncodeTight@@IAEXPAEHHHHKPAH1@Z 00413c20 f   rdEncodeTight.obj
 0001:00012de0       ?ExtendSolidArea@rdEncodeTight@@IAEXPAEHHHHKPAH111@Z 00413de0 f   rdEncodeTight.obj
 0001:00012fc0       ?CheckSolidTile@rdEncodeTight@@IAE_NPAEHHHHPAK_N@Z 00413fc0 f   rdEncodeTight.obj
 0001:00013060       ?CheckSolidTile8@rdEncodeTight@@IAE_NPAEHHHHPAK_N@Z 00414060 f   rdEncodeTight.obj
 0001:00013120       ?CheckSolidTile16@rdEncodeTight@@IAE_NPAEHHHHPAK_N@Z 00414120 f   rdEncodeTight.obj
 0001:000131f0       ?CheckSolidTile32@rdEncodeTight@@IAE_NPAEHHHHPAK_N@Z 004141f0 f   rdEncodeTight.obj
 0001:000132a0       ?EncodeRectSimple@rdEncodeTight@@IAEIPAEPAVVSocket@@0ABUtagRECT@@@Z 004142a0 f   rdEncodeTight.obj
 0001:00013460       ?EncodeSubrect@rdEncodeTight@@IAEIPAEPAVVSocket@@0HHHH@Z 00414460 f   rdEncodeTight.obj
 0001:00013710       ?SendTightHeader@rdEncodeTight@@IAEXHHHH@Z 00414710 f   rdEncodeTight.obj
 0001:00013800       ?SendSolidRect@rdEncodeTight@@IAEHPAE@Z 00414800 f   rdEncodeTight.obj
 0001:000138a0       ?SendMonoRect@rdEncodeTight@@IAEHPAEHH@Z 004148a0 f   rdEncodeTight.obj
 0001:00013b20       ?SendIndexedRect@rdEncodeTight@@IAEHPAEHH@Z 00414b20 f   rdEncodeTight.obj
 0001:00013d90       ?SendFullColorRect@rdEncodeTight@@IAEHPAEHH@Z 00414d90 f   rdEncodeTight.obj
 0001:00013e50       ?SendGradientRect@rdEncodeTight@@IAEHPAEHH@Z 00414e50 f   rdEncodeTight.obj
 0001:00013fc0       ?CompressData@rdEncodeTight@@IAEHPAEHHHH@Z 00414fc0 f   rdEncodeTight.obj
 0001:000141d0       ?SendCompressedData@rdEncodeTight@@IAEHH@Z 004151d0 f   rdEncodeTight.obj
 0001:00014300       ?FillPalette8@rdEncodeTight@@IAEXH@Z 00415300 f   rdEncodeTight.obj
 0001:00014460       ?FillPalette16@rdEncodeTight@@IAEXH@Z 00415460 f   rdEncodeTight.obj
 0001:000146a0       ?FillPalette32@rdEncodeTight@@IAEXH@Z 004156a0 f   rdEncodeTight.obj
 0001:00014880       ?PaletteReset@rdEncodeTight@@IAEXXZ 00415880 f   rdEncodeTight.obj
 0001:000148c0       ?PaletteInsert@rdEncodeTight@@IAEHKHH@Z 004158c0 f   rdEncodeTight.obj
 0001:00014b00       ?Pack24@rdEncodeTight@@IAEXPAEH@Z 00415b00 f   rdEncodeTight.obj
 0001:00014c00       ?EncodeIndexedRect16@rdEncodeTight@@IAEXPAEH@Z 00415c00 f   rdEncodeTight.obj
 0001:00014d10       ?EncodeIndexedRect32@rdEncodeTight@@IAEXPAEH@Z 00415d10 f   rdEncodeTight.obj
 0001:00014e00       ?EncodeMonoRect8@rdEncodeTight@@IAEXPAEHH@Z 00415e00 f   rdEncodeTight.obj
 0001:00014fb0       ?EncodeMonoRect16@rdEncodeTight@@IAEXPAEHH@Z 00415fb0 f   rdEncodeTight.obj
 0001:00015170       ?EncodeMonoRect32@rdEncodeTight@@IAEXPAEHH@Z 00416170 f   rdEncodeTight.obj
 0001:00015310       ?GetEncodingName@rdEncodeTight@@UAEPBDXZ 00416310 f i rdEncodeTight.obj
 0001:00015330       ?FilterGradient24@rdEncodeTight@@IAEXPAEHH@Z 00416330 f   rdEncodeTight.obj
 0001:00015540       ?FilterGradient16@rdEncodeTight@@IAEXPAGHH@Z 00416540 f   rdEncodeTight.obj
 0001:000157d0       ?FilterGradient32@rdEncodeTight@@IAEXPAKHH@Z 004167d0 f   rdEncodeTight.obj
 0001:00015a80       ?DetectSmoothImage@rdEncodeTight@@IAEHHH@Z 00416a80 f   rdEncodeTight.obj
 0001:00015bd0       ?DetectSmoothImage24@rdEncodeTight@@IAEKHH@Z 00416bd0 f   rdEncodeTight.obj
 0001:00015f70       ?DetectSmoothImage16@rdEncodeTight@@IAEKHH@Z 00416f70 f   rdEncodeTight.obj
 0001:00016360       ?DetectSmoothImage32@rdEncodeTight@@IAEKHH@Z 00417360 f   rdEncodeTight.obj
 0001:00016760       ?SendJpegRect@rdEncodeTight@@IAEHPAEHHH@Z 00417760 f   rdEncodeTight.obj
 0001:00016990       ?PrepareRowForJpeg@rdEncodeTight@@IAEXPAEHH@Z 00417990 f   rdEncodeTight.obj
 0001:00016a30       ?PrepareRowForJpeg24@rdEncodeTight@@IAEXPAEPAKH@Z 00417a30 f   rdEncodeTight.obj
 0001:00016b30       ?PrepareRowForJpeg16@rdEncodeTight@@IAEXPAEPAGH@Z 00417b30 f   rdEncodeTight.obj
 0001:00016c90       ?PrepareRowForJpeg32@rdEncodeTight@@IAEXPAEPAKH@Z 00417c90 f   rdEncodeTight.obj
 0001:00016ec0       ??0rdEncodeZlib@@QAE@XZ    00417ec0 f   rdEncodeZlib.obj
 0001:00016f10       ??_ErdEncodeZlib@@UAEPAXI@Z 00417f10 f i rdEncodeZlib.obj
 0001:00016f10       ??_GrdEncodeZlib@@UAEPAXI@Z 00417f10 f i rdEncodeZlib.obj
 0001:00016f50       ??1rdEncodeZlib@@UAE@XZ    00417f50 f   rdEncodeZlib.obj
 0001:00016fd0       ?Init@rdEncodeZlib@@UAEXXZ 00417fd0 f   rdEncodeZlib.obj
 0001:00016ff0       ?RequiredBuffSize@rdEncodeZlib@@UAEIII@Z 00417ff0 f   rdEncodeZlib.obj
 0001:00017030       ?NumCodedRects@rdEncodeZlib@@UAEIAAUtagRECT@@@Z 00418030 f   rdEncodeZlib.obj
 0001:000170a0       ?EncodeRect@rdEncodeZlib@@UAEIPAEPAVVSocket@@0ABUtagRECT@@@Z 004180a0 f i rdEncodeZlib.obj
 0001:000171e0       ?EncodeOneRect@rdEncodeZlib@@UAEIPAE0ABUtagRECT@@@Z 004181e0 f i rdEncodeZlib.obj
 0001:00017640       ?GetEncodingName@rdEncodeZlib@@UAEPBDXZ 00418640 f i rdEncodeZlib.obj
 0001:00017660       ??0rdEncodeZlibHex@@QAE@XZ 00418660 f   rdEncodeZlibHex.obj
 0001:000176c0       ??_GrdEncodeZlibHex@@UAEPAXI@Z 004186c0 f i rdEncodeZlibHex.obj
 0001:000176c0       ??_ErdEncodeZlibHex@@UAEPAXI@Z 004186c0 f i rdEncodeZlibHex.obj
 0001:00017700       ??1rdEncodeZlibHex@@UAE@XZ 00418700 f   rdEncodeZlibHex.obj
 0001:000177a0       ?Init@rdEncodeZlibHex@@UAEXXZ 004187a0 f   rdEncodeZlibHex.obj
 0001:000177c0       ?RequiredBuffSize@rdEncodeZlibHex@@UAEIII@Z 004187c0 f   rdEncodeZlibHex.obj
 0001:00017840       ?NumCodedRects@rdEncodeZlibHex@@UAEIAAUtagRECT@@@Z 00418840 f   rdEncodeZlibHex.obj
 0001:00017860       ?EncodeRect@rdEncodeZlibHex@@UAEIPAEPAVVSocket@@0ABUtagRECT@@@Z 00418860 f   rdEncodeZlibHex.obj
 0001:00017aa0       ?zlibCompress@rdEncodeZlibHex@@MAEIPAE0IPAUz_stream_s@@@Z 00418aa0 f   rdEncodeZlibHex.obj
 0001:00017be0       ?EncodeHextiles8@rdEncodeZlibHex@@MAEIPAE0PAVVSocket@@HHHH@Z 00418be0 f   rdEncodeZlibHex.obj
 0001:00018480       ?EncodeHextiles16@rdEncodeZlibHex@@MAEIPAE0PAVVSocket@@HHHH@Z 00419480 f   rdEncodeZlibHex.obj
 0001:00018d50       ?EncodeHextiles32@rdEncodeZlibHex@@MAEIPAE0PAVVSocket@@HHHH@Z 00419d50 f   rdEncodeZlibHex.obj
 0001:00019630       ?GetEncodingName@rdEncodeZlibHex@@UAEPBDXZ 0041a630 f i rdEncodeZlibHex.obj
 0001:00019650       ?Init@rdHTTPConnectThread@@UAEHPAVVSocket@@PAVrdServer@@H@Z 0041a650 f   rdHTTPConnect.obj
 0001:00019690       ?run@rdHTTPConnectThread@@UAEXPAX@Z 0041a690 f   rdHTTPConnect.obj
 0001:00019730       ?DoHTTP@rdHTTPConnectThread@@UAEXPAVVSocket@@@Z 0041a730 f   rdHTTPConnect.obj
 0001:00019c70       ?ParseParams@rdHTTPConnectThread@@UAEHPBDPADH@Z 0041ac70 f   rdHTTPConnect.obj
 0001:00019e60       ?ValidateString@rdHTTPConnectThread@@QAEHPAD@Z 0041ae60 f   rdHTTPConnect.obj
 0001:00019ee0       ?ReadLine@rdHTTPConnectThread@@UAEPADPAVVSocket@@DH@Z 0041aee0 f   rdHTTPConnect.obj
 0001:00019f90       ?Init@rdHTTPListenThread@@UAEHPAVVSocket@@PAVrdServer@@H@Z 0041af90 f   rdHTTPConnect.obj
 0001:0001a020       ?run_undetached@rdHTTPListenThread@@UAEPAXPAX@Z 0041b020 f   rdHTTPConnect.obj
 0001:0001a120       ??0rdHTTPConnectThread@@QAE@XZ 0041b120 f i rdHTTPConnect.obj
 0001:0001a150       ??_GrdHTTPConnectThread@@UAEPAXI@Z 0041b150 f i rdHTTPConnect.obj
 0001:0001a150       ??_ErdHTTPConnectThread@@UAEPAXI@Z 0041b150 f i rdHTTPConnect.obj
 0001:0001a190       ??1rdHTTPConnectThread@@UAE@XZ 0041b190 f i rdHTTPConnect.obj
 0001:0001a1b0       ??0rdHTTPConnect@@QAE@XZ   0041b1b0 f   rdHTTPConnect.obj
 0001:0001a1f0       ?Init@rdHTTPConnect@@UAEHPAVrdServer@@IH@Z 0041b1f0 f   rdHTTPConnect.obj
 0001:0001a300       ??0rdHTTPListenThread@@QAE@XZ 0041b300 f i rdHTTPConnect.obj
 0001:0001a330       ??_GrdHTTPListenThread@@UAEPAXI@Z 0041b330 f i rdHTTPConnect.obj
 0001:0001a330       ??_ErdHTTPListenThread@@UAEPAXI@Z 0041b330 f i rdHTTPConnect.obj
 0001:0001a370       ??1rdHTTPListenThread@@UAE@XZ 0041b370 f i rdHTTPConnect.obj
 0001:0001a390       ??1rdHTTPConnect@@QAE@XZ   0041b390 f   rdHTTPConnect.obj
 0001:0001a470       ?Init@rdInstHandler@@QAEHXZ 0041b470 f   rdInstHandler.obj
 0001:0001a500       ??0Keymapper@@QAE@XZ       0041b500 f i rdKeymap.obj
 0001:0001a610       ??1Keymapper@@QAE@XZ       0041b610 f i rdKeymap.obj
 0001:0001a670       ??1?$map@KEU?$less@K@std@@V?$allocator@E@2@@std@@QAE@XZ 0041b670 f i rdKeymap.obj
 0001:0001a690       ??1?$map@K_NU?$less@K@std@@V?$allocator@_N@2@@std@@QAE@XZ 0041b690 f i rdKeymap.obj
 0001:0001a6b0       ?keyEvent@rdKeymap@@SAXK_N@Z 0041b6b0 f   rdKeymap.obj
 0001:0001a6e0       ?keyEvent@Keymapper@@QAEXK_N@Z 0041b6e0 f i rdKeymap.obj
 0001:0001aa70       ?doKeyboardEvent@@YAXEK@Z  0041ba70 f i rdKeymap.obj
 0001:0001aab0       ??0KeyStateModifier@@QAE@HH@Z 0041bab0 f i rdKeymap.obj
 0001:0001aaf0       ?press@KeyStateModifier@@QAEXXZ 0041baf0 f i rdKeymap.obj
 0001:0001ab60       ?release@KeyStateModifier@@QAEXXZ 0041bb60 f i rdKeymap.obj
 0001:0001abd0       ??1KeyStateModifier@@QAE@XZ 0041bbd0 f i rdKeymap.obj
 0001:0001ac60       ?SetShiftState@@YAXEH@Z    0041bc60 f   rdKeymap.obj
 0001:0001ad80       ?ClearShiftKeys@rdKeymap@@SAXXZ 0041bd80 f   rdKeymap.obj
 0001:0001ae20       ??0?$map@KEU?$less@K@std@@V?$allocator@E@2@@std@@QAE@ABU?$less@K@1@ABV?$allocator@E@1@@Z 0041be20 f i rdKeymap.obj
 0001:0001ae50       ?end@?$map@KEU?$less@K@std@@V?$allocator@E@2@@std@@QAE?AViterator@?$_Tree@KU?$pair@$$CBKE@std@@U_Kfn@?$map@KEU?$less@K@std@@V?$allocator@E@2@@2@U?$less@K@2@V?$allocator@E@2@@2@XZ 0041be50 f i rdKeymap.obj
 0001:0001ae80       ??A?$map@KEU?$less@K@std@@V?$allocator@E@2@@std@@QAEAAEABK@Z 0041be80 f i rdKeymap.obj
 0001:0001aed0       ?find@?$map@KEU?$less@K@std@@V?$allocator@E@2@@std@@QAE?AViterator@?$_Tree@KU?$pair@$$CBKE@std@@U_Kfn@?$map@KEU?$less@K@std@@V?$allocator@E@2@@2@U?$less@K@2@V?$allocator@E@2@@2@ABK@Z 0041bed0 f i rdKeymap.obj
 0001:0001af00       ??1?$_Tree@KU?$pair@$$CBKE@std@@U_Kfn@?$map@KEU?$less@K@std@@V?$allocator@E@2@@2@U?$less@K@2@V?$allocator@E@2@@std@@QAE@XZ 0041bf00 f i rdKeymap.obj
 0001:0001afd0       ??8iterator@?$_Tree@KU?$pair@$$CBKE@std@@U_Kfn@?$map@KEU?$less@K@std@@V?$allocator@E@2@@2@U?$less@K@2@V?$allocator@E@2@@std@@QBE_NABV012@@Z 0041bfd0 f i rdKeymap.obj
 0001:0001b000       ??0?$map@K_NU?$less@K@std@@V?$allocator@_N@2@@std@@QAE@ABU?$less@K@1@ABV?$allocator@_N@1@@Z 0041c000 f i rdKeymap.obj
 0001:0001b030       ??A?$map@K_NU?$less@K@std@@V?$allocator@_N@2@@std@@QAEAA_NABK@Z 0041c030 f i rdKeymap.obj
 0001:0001b080       ??1?$_Tree@KU?$pair@$$CBK_N@std@@U_Kfn@?$map@K_NU?$less@K@std@@V?$allocator@_N@2@@2@U?$less@K@2@V?$allocator@_N@2@@std@@QAE@XZ 0041c080 f i rdKeymap.obj
 0001:0001b150       ?insert@?$map@KEU?$less@K@std@@V?$allocator@E@2@@std@@QAE?AU?$pair@Viterator@?$_Tree@KU?$pair@$$CBKE@std@@U_Kfn@?$map@KEU?$less@K@std@@V?$allocator@E@2@@2@U?$less@K@2@V?$allocator@E@2@@std@@_N@2@ABU?$pair@$$CBKE@2@@Z 0041c150 f i rdKeymap.obj
 0001:0001b1a0       ??0?$_Tree@KU?$pair@$$CBKE@std@@U_Kfn@?$map@KEU?$less@K@std@@V?$allocator@E@2@@2@U?$less@K@2@V?$allocator@E@2@@std@@QAE@ABU?$less@K@1@_NABV?$allocator@E@1@@Z 0041c1a0 f i rdKeymap.obj
 0001:0001b1e0       ?begin@?$_Tree@KU?$pair@$$CBKE@std@@U_Kfn@?$map@KEU?$less@K@std@@V?$allocator@E@2@@2@U?$less@K@2@V?$allocator@E@2@@std@@QAE?AViterator@12@XZ 0041c1e0 f i rdKeymap.obj
 0001:0001b220       ?end@?$_Tree@KU?$pair@$$CBKE@std@@U_Kfn@?$map@KEU?$less@K@std@@V?$allocator@E@2@@2@U?$less@K@2@V?$allocator@E@2@@std@@QAE?AViterator@12@XZ 0041c220 f i rdKeymap.obj
 0001:0001b250       ?erase@?$_Tree@KU?$pair@$$CBKE@std@@U_Kfn@?$map@KEU?$less@K@std@@V?$allocator@E@2@@2@U?$less@K@2@V?$allocator@E@2@@std@@QAE?AViterator@12@V312@0@Z 0041c250 f i rdKeymap.obj
 0001:0001b3a0       ?find@?$_Tree@KU?$pair@$$CBKE@std@@U_Kfn@?$map@KEU?$less@K@std@@V?$allocator@E@2@@2@U?$less@K@2@V?$allocator@E@2@@std@@QAE?AViterator@12@ABK@Z 0041c3a0 f i rdKeymap.obj
 0001:0001b440       ?_Freenode@?$_Tree@KU?$pair@$$CBKE@std@@U_Kfn@?$map@KEU?$less@K@std@@V?$allocator@E@2@@2@U?$less@K@2@V?$allocator@E@2@@std@@IAEXPAU_Node@12@@Z 0041c440 f i rdKeymap.obj
 0001:0001b470       ??0?$pair@$$CBKE@std@@QAE@ABKABE@Z 0041c470 f i rdKeymap.obj
 0001:0001b4a0       ??Diterator@?$_Tree@KU?$pair@$$CBKE@std@@U_Kfn@?$map@KEU?$less@K@std@@V?$allocator@E@2@@2@U?$less@K@2@V?$allocator@E@2@@std@@QBEAAU?$pair@$$CBKE@2@XZ 0041c4a0 f i rdKeymap.obj
 0001:0001b4d0       ?insert@?$map@K_NU?$less@K@std@@V?$allocator@_N@2@@std@@QAE?AU?$pair@Viterator@?$_Tree@KU?$pair@$$CBK_N@std@@U_Kfn@?$map@K_NU?$less@K@std@@V?$allocator@_N@2@@2@U?$less@K@2@V?$allocator@_N@2@@std@@_N@2@ABU?$pair@$$CBK_N@2@@Z 0041c4d0 f i rdKeymap.obj
 0001:0001b520       ??0?$_Tree@KU?$pair@$$CBK_N@std@@U_Kfn@?$map@K_NU?$less@K@std@@V?$allocator@_N@2@@2@U?$less@K@2@V?$allocator@_N@2@@std@@QAE@ABU?$less@K@1@_NABV?$allocator@_N@1@@Z 0041c520 f i rdKeymap.obj
 0001:0001b560       ?begin@?$_Tree@KU?$pair@$$CBK_N@std@@U_Kfn@?$map@K_NU?$less@K@std@@V?$allocator@_N@2@@2@U?$less@K@2@V?$allocator@_N@2@@std@@QAE?AViterator@12@XZ 0041c560 f i rdKeymap.obj
 0001:0001b5a0       ?end@?$_Tree@KU?$pair@$$CBK_N@std@@U_Kfn@?$map@K_NU?$less@K@std@@V?$allocator@_N@2@@2@U?$less@K@2@V?$allocator@_N@2@@std@@QAE?AViterator@12@XZ 0041c5a0 f i rdKeymap.obj
 0001:0001b5d0       ?erase@?$_Tree@KU?$pair@$$CBK_N@std@@U_Kfn@?$map@K_NU?$less@K@std@@V?$allocator@_N@2@@2@U?$less@K@2@V?$allocator@_N@2@@std@@QAE?AViterator@12@V312@0@Z 0041c5d0 f i rdKeymap.obj
 0001:0001b720       ?_Freenode@?$_Tree@KU?$pair@$$CBK_N@std@@U_Kfn@?$map@K_NU?$less@K@std@@V?$allocator@_N@2@@2@U?$less@K@2@V?$allocator@_N@2@@std@@IAEXPAU_Node@12@@Z 0041c720 f i rdKeymap.obj
 0001:0001b750       ??0?$pair@$$CBK_N@std@@QAE@ABKAB_N@Z 0041c750 f i rdKeymap.obj
 0001:0001b780       ??Diterator@?$_Tree@KU?$pair@$$CBK_N@std@@U_Kfn@?$map@K_NU?$less@K@std@@V?$allocator@_N@2@@2@U?$less@K@2@V?$allocator@_N@2@@std@@QBEAAU?$pair@$$CBK_N@2@XZ 0041c780 f i rdKeymap.obj
 0001:0001b7b0       ??R?$less@K@std@@QBE_NABK0@Z 0041c7b0 f i rdKeymap.obj
 0001:0001b7e0       ?deallocate@?$allocator@E@std@@QAEXPAXI@Z 0041c7e0 f i rdKeymap.obj
 0001:0001b810       ?_Key@?$_Tree@KU?$pair@$$CBKE@std@@U_Kfn@?$map@KEU?$less@K@std@@V?$allocator@E@2@@2@U?$less@K@2@V?$allocator@E@2@@std@@KAABKPAU_Node@12@@Z 0041c810 f i rdKeymap.obj
 0001:0001b840       ?_Value@?$_Tree@KU?$pair@$$CBKE@std@@U_Kfn@?$map@KEU?$less@K@std@@V?$allocator@E@2@@2@U?$less@K@2@V?$allocator@E@2@@std@@KAAAU?$pair@$$CBKE@2@PAU_Node@12@@Z 0041c840 f i rdKeymap.obj
 0001:0001b860       ?size@?$_Tree@KU?$pair@$$CBKE@std@@U_Kfn@?$map@KEU?$less@K@std@@V?$allocator@E@2@@2@U?$less@K@2@V?$allocator@E@2@@std@@QBEIXZ 0041c860 f i rdKeymap.obj
 0001:0001b880       ?insert@?$_Tree@KU?$pair@$$CBKE@std@@U_Kfn@?$map@KEU?$less@K@std@@V?$allocator@E@2@@2@U?$less@K@2@V?$allocator@E@2@@std@@QAE?AU?$pair@Viterator@?$_Tree@KU?$pair@$$CBKE@std@@U_Kfn@?$map@KEU?$less@K@std@@V?$allocator@E@2@@2@U?$less@K@2@V?$allocator@E@2@@std@@_N@2@ABU?$pair@$$CBKE@2@@Z 0041c880 f i rdKeymap.obj
 0001:0001bad0       ?erase@?$_Tree@KU?$pair@$$CBKE@std@@U_Kfn@?$map@KEU?$less@K@std@@V?$allocator@E@2@@2@U?$less@K@2@V?$allocator@E@2@@std@@QAE?AViterator@12@V312@@Z 0041cad0 f i rdKeymap.obj
 0001:0001c320       ?lower_bound@?$_Tree@KU?$pair@$$CBKE@std@@U_Kfn@?$map@KEU?$less@K@std@@V?$allocator@E@2@@2@U?$less@K@2@V?$allocator@E@2@@std@@QAE?AViterator@12@ABK@Z 0041d320 f i rdKeymap.obj
 0001:0001c360       ?_Erase@?$_Tree@KU?$pair@$$CBKE@std@@U_Kfn@?$map@KEU?$less@K@std@@V?$allocator@E@2@@2@U?$less@K@2@V?$allocator@E@2@@std@@IAEXPAU_Node@12@@Z 0041d360 f i rdKeymap.obj
 0001:0001c420       ?_Init@?$_Tree@KU?$pair@$$CBKE@std@@U_Kfn@?$map@KEU?$less@K@std@@V?$allocator@E@2@@2@U?$less@K@2@V?$allocator@E@2@@std@@IAEXXZ 0041d420 f i rdKeymap.obj
 0001:0001c510       ?_Lmost@?$_Tree@KU?$pair@$$CBKE@std@@U_Kfn@?$map@KEU?$less@K@std@@V?$allocator@E@2@@2@U?$less@K@2@V?$allocator@E@2@@std@@IAEAAPAU_Node@12@XZ 0041d510 f i rdKeymap.obj
 0001:0001c540       ?_Rmost@?$_Tree@KU?$pair@$$CBKE@std@@U_Kfn@?$map@KEU?$less@K@std@@V?$allocator@E@2@@2@U?$less@K@2@V?$allocator@E@2@@std@@IAEAAPAU_Node@12@XZ 0041d540 f i rdKeymap.obj
 0001:0001c570       ?_Root@?$_Tree@KU?$pair@$$CBKE@std@@U_Kfn@?$map@KEU?$less@K@std@@V?$allocator@E@2@@2@U?$less@K@2@V?$allocator@E@2@@std@@IAEAAPAU_Node@12@XZ 0041d570 f i rdKeymap.obj
 0001:0001c5a0       ?_Mynode@const_iterator@?$_Tree@KU?$pair@$$CBKE@std@@U_Kfn@?$map@KEU?$less@K@std@@V?$allocator@E@2@@2@U?$less@K@2@V?$allocator@E@2@@std@@QBEPAU_Node@23@XZ 0041d5a0 f i rdKeymap.obj
 0001:0001c5c0       ??0iterator@?$_Tree@KU?$pair@$$CBKE@std@@U_Kfn@?$map@KEU?$less@K@std@@V?$allocator@E@2@@2@U?$less@K@2@V?$allocator@E@2@@std@@QAE@PAU_Node@12@@Z 0041d5c0 f i rdKeymap.obj
 0001:0001c5f0       ??Eiterator@?$_Tree@KU?$pair@$$CBKE@std@@U_Kfn@?$map@KEU?$less@K@std@@V?$allocator@E@2@@2@U?$less@K@2@V?$allocator@E@2@@std@@QAE?AV012@H@Z 0041d5f0 f i rdKeymap.obj
 0001:0001c620       ??9iterator@?$_Tree@KU?$pair@$$CBKE@std@@U_Kfn@?$map@KEU?$less@K@std@@V?$allocator@E@2@@2@U?$less@K@2@V?$allocator@E@2@@std@@QBE_NABV012@@Z 0041d620 f i rdKeymap.obj
 0001:0001c650       ?deallocate@?$allocator@_N@std@@QAEXPAXI@Z 0041d650 f i rdKeymap.obj
 0001:0001c680       ?_Value@?$_Tree@KU?$pair@$$CBK_N@std@@U_Kfn@?$map@K_NU?$less@K@std@@V?$allocator@_N@2@@2@U?$less@K@2@V?$allocator@_N@2@@std@@KAAAU?$pair@$$CBK_N@2@PAU_Node@12@@Z 0041d680 f i rdKeymap.obj
 0001:0001c6a0       ?size@?$_Tree@KU?$pair@$$CBK_N@std@@U_Kfn@?$map@K_NU?$less@K@std@@V?$allocator@_N@2@@2@U?$less@K@2@V?$allocator@_N@2@@std@@QBEIXZ 0041d6a0 f i rdKeymap.obj
 0001:0001c6c0       ?insert@?$_Tree@KU?$pair@$$CBK_N@std@@U_Kfn@?$map@K_NU?$less@K@std@@V?$allocator@_N@2@@2@U?$less@K@2@V?$allocator@_N@2@@std@@QAE?AU?$pair@Viterator@?$_Tree@KU?$pair@$$CBK_N@std@@U_Kfn@?$map@K_NU?$less@K@std@@V?$allocator@_N@2@@2@U?$less@K@2@V?$allocator@_N@2@@std@@_N@2@ABU?$pair@$$CBK_N@2@@Z 0041d6c0 f i rdKeymap.obj
 0001:0001c910       ?erase@?$_Tree@KU?$pair@$$CBK_N@std@@U_Kfn@?$map@K_NU?$less@K@std@@V?$allocator@_N@2@@2@U?$less@K@2@V?$allocator@_N@2@@std@@QAE?AViterator@12@V312@@Z 0041d910 f i rdKeymap.obj
 0001:0001d160       ?_Erase@?$_Tree@KU?$pair@$$CBK_N@std@@U_Kfn@?$map@K_NU?$less@K@std@@V?$allocator@_N@2@@2@U?$less@K@2@V?$allocator@_N@2@@std@@IAEXPAU_Node@12@@Z 0041e160 f i rdKeymap.obj
 0001:0001d220       ?_Init@?$_Tree@KU?$pair@$$CBK_N@std@@U_Kfn@?$map@K_NU?$less@K@std@@V?$allocator@_N@2@@2@U?$less@K@2@V?$allocator@_N@2@@std@@IAEXXZ 0041e220 f i rdKeymap.obj
 0001:0001d310       ?_Lmost@?$_Tree@KU?$pair@$$CBK_N@std@@U_Kfn@?$map@K_NU?$less@K@std@@V?$allocator@_N@2@@2@U?$less@K@2@V?$allocator@_N@2@@std@@IAEAAPAU_Node@12@XZ 0041e310 f i rdKeymap.obj
 0001:0001d340       ?_Rmost@?$_Tree@KU?$pair@$$CBK_N@std@@U_Kfn@?$map@K_NU?$less@K@std@@V?$allocator@_N@2@@2@U?$less@K@2@V?$allocator@_N@2@@std@@IAEAAPAU_Node@12@XZ 0041e340 f i rdKeymap.obj
 0001:0001d370       ?_Root@?$_Tree@KU?$pair@$$CBK_N@std@@U_Kfn@?$map@K_NU?$less@K@std@@V?$allocator@_N@2@@2@U?$less@K@2@V?$allocator@_N@2@@std@@IAEAAPAU_Node@12@XZ 0041e370 f i rdKeymap.obj
 0001:0001d3a0       ??0iterator@?$_Tree@KU?$pair@$$CBK_N@std@@U_Kfn@?$map@K_NU?$less@K@std@@V?$allocator@_N@2@@2@U?$less@K@2@V?$allocator@_N@2@@std@@QAE@PAU_Node@12@@Z 0041e3a0 f i rdKeymap.obj
 0001:0001d3d0       ??Eiterator@?$_Tree@KU?$pair@$$CBK_N@std@@U_Kfn@?$map@K_NU?$less@K@std@@V?$allocator@_N@2@@2@U?$less@K@2@V?$allocator@_N@2@@std@@QAE?AV012@H@Z 0041e3d0 f i rdKeymap.obj
 0001:0001d400       ??9iterator@?$_Tree@KU?$pair@$$CBK_N@std@@U_Kfn@?$map@K_NU?$less@K@std@@V?$allocator@_N@2@@2@U?$less@K@2@V?$allocator@_N@2@@std@@QBE_NABV012@@Z 0041e400 f i rdKeymap.obj
 0001:0001d430       ??0?$pair@Viterator@?$_Tree@KU?$pair@$$CBKE@std@@U_Kfn@?$map@KEU?$less@K@std@@V?$allocator@E@2@@2@U?$less@K@2@V?$allocator@E@2@@std@@_N@std@@QAE@ABViterator@?$_Tree@KU?$pair@$$CBKE@std@@U_Kfn@?$map@KEU?$less@K@std@@V?$allocator@E@2@@2@U?$less@K@2@V?$allocator@E@2@@1@AB_N@Z 0041e430 f i rdKeymap.obj
 0001:0001d460       ??0?$pair@Viterator@?$_Tree@KU?$pair@$$CBK_N@std@@U_Kfn@?$map@K_NU?$less@K@std@@V?$allocator@_N@2@@2@U?$less@K@2@V?$allocator@_N@2@@std@@_N@std@@QAE@ABViterator@?$_Tree@KU?$pair@$$CBK_N@std@@U_Kfn@?$map@K_NU?$less@K@std@@V?$allocator@_N@2@@2@U?$less@K@2@V?$allocator@_N@2@@1@AB_N@Z 0041e460 f i rdKeymap.obj
 0001:0001d490       ??R_Kfn@?$map@KEU?$less@K@std@@V?$allocator@E@2@@std@@QBEABKABU?$pair@$$CBKE@2@@Z 0041e490 f i rdKeymap.obj
 0001:0001d4b0       ?_Color@?$_Tree@KU?$pair@$$CBKE@std@@U_Kfn@?$map@KEU?$less@K@std@@V?$allocator@E@2@@2@U?$less@K@2@V?$allocator@E@2@@std@@KAAAW4_Redbl@12@PAU_Node@12@@Z 0041e4b0 f i rdKeymap.obj
 0001:0001d4d0       ?_Left@?$_Tree@KU?$pair@$$CBKE@std@@U_Kfn@?$map@KEU?$less@K@std@@V?$allocator@E@2@@2@U?$less@K@2@V?$allocator@E@2@@std@@KAAAPAU_Node@12@PAU312@@Z 0041e4d0 f i rdKeymap.obj
 0001:0001d4f0       ?_Parent@?$_Tree@KU?$pair@$$CBKE@std@@U_Kfn@?$map@KEU?$less@K@std@@V?$allocator@E@2@@2@U?$less@K@2@V?$allocator@E@2@@std@@KAAAPAU_Node@12@PAU312@@Z 0041e4f0 f i rdKeymap.obj
 0001:0001d510       ?_Right@?$_Tree@KU?$pair@$$CBKE@std@@U_Kfn@?$map@KEU?$less@K@std@@V?$allocator@E@2@@2@U?$less@K@2@V?$allocator@E@2@@std@@KAAAPAU_Node@12@PAU312@@Z 0041e510 f i rdKeymap.obj
 0001:0001d530       ?_Insert@?$_Tree@KU?$pair@$$CBKE@std@@U_Kfn@?$map@KEU?$less@K@std@@V?$allocator@E@2@@2@U?$less@K@2@V?$allocator@E@2@@std@@IAE?AViterator@12@PAU_Node@12@0ABU?$pair@$$CBKE@2@@Z 0041e530 f i rdKeymap.obj
 0001:0001da00       ?_Lbound@?$_Tree@KU?$pair@$$CBKE@std@@U_Kfn@?$map@KEU?$less@K@std@@V?$allocator@E@2@@2@U?$less@K@2@V?$allocator@E@2@@std@@IBEPAU_Node@12@ABK@Z 0041ea00 f i rdKeymap.obj
 0001:0001dad0       ?_Lrotate@?$_Tree@KU?$pair@$$CBKE@std@@U_Kfn@?$map@KEU?$less@K@std@@V?$allocator@E@2@@2@U?$less@K@2@V?$allocator@E@2@@std@@IAEXPAU_Node@12@@Z 0041ead0 f i rdKeymap.obj
 0001:0001dc40       ?_Max@?$_Tree@KU?$pair@$$CBKE@std@@U_Kfn@?$map@KEU?$less@K@std@@V?$allocator@E@2@@2@U?$less@K@2@V?$allocator@E@2@@std@@KAPAU_Node@12@PAU312@@Z 0041ec40 f i rdKeymap.obj
 0001:0001dcd0       ?_Min@?$_Tree@KU?$pair@$$CBKE@std@@U_Kfn@?$map@KEU?$less@K@std@@V?$allocator@E@2@@2@U?$less@K@2@V?$allocator@E@2@@std@@KAPAU_Node@12@PAU312@@Z 0041ecd0 f i rdKeymap.obj
 0001:0001dd60       ?_Rrotate@?$_Tree@KU?$pair@$$CBKE@std@@U_Kfn@?$map@KEU?$less@K@std@@V?$allocator@E@2@@2@U?$less@K@2@V?$allocator@E@2@@std@@IAEXPAU_Node@12@@Z 0041ed60 f i rdKeymap.obj
 0001:0001ded0       ?_Buynode@?$_Tree@KU?$pair@$$CBKE@std@@U_Kfn@?$map@KEU?$less@K@std@@V?$allocator@E@2@@2@U?$less@K@2@V?$allocator@E@2@@std@@IAEPAU_Node@12@PAU312@W4_Redbl@12@@Z 0041eed0 f i rdKeymap.obj
 0001:0001df20       ?_Destval@?$_Tree@KU?$pair@$$CBKE@std@@U_Kfn@?$map@KEU?$less@K@std@@V?$allocator@E@2@@2@U?$less@K@2@V?$allocator@E@2@@std@@IAEXPAU?$pair@$$CBKE@2@@Z 0041ef20 f i rdKeymap.obj
 0001:0001df50       ??0const_iterator@?$_Tree@KU?$pair@$$CBKE@std@@U_Kfn@?$map@KEU?$less@K@std@@V?$allocator@E@2@@2@U?$less@K@2@V?$allocator@E@2@@std@@QAE@PAU_Node@12@@Z 0041ef50 f i rdKeymap.obj
 0001:0001df70       ??Eiterator@?$_Tree@KU?$pair@$$CBKE@std@@U_Kfn@?$map@KEU?$less@K@std@@V?$allocator@E@2@@2@U?$less@K@2@V?$allocator@E@2@@std@@QAEAAV012@XZ 0041ef70 f i rdKeymap.obj
 0001:0001df90       ??Fiterator@?$_Tree@KU?$pair@$$CBKE@std@@U_Kfn@?$map@KEU?$less@K@std@@V?$allocator@E@2@@2@U?$less@K@2@V?$allocator@E@2@@std@@QAEAAV012@XZ 0041ef90 f i rdKeymap.obj
 0001:0001dfb0       ??R_Kfn@?$map@K_NU?$less@K@std@@V?$allocator@_N@2@@std@@QBEABKABU?$pair@$$CBK_N@2@@Z 0041efb0 f i rdKeymap.obj
 0001:0001dfd0       ?_Color@?$_Tree@KU?$pair@$$CBK_N@std@@U_Kfn@?$map@K_NU?$less@K@std@@V?$allocator@_N@2@@2@U?$less@K@2@V?$allocator@_N@2@@std@@KAAAW4_Redbl@12@PAU_Node@12@@Z 0041efd0 f i rdKeymap.obj
 0001:0001dff0       ?_Key@?$_Tree@KU?$pair@$$CBK_N@std@@U_Kfn@?$map@K_NU?$less@K@std@@V?$allocator@_N@2@@2@U?$less@K@2@V?$allocator@_N@2@@std@@KAABKPAU_Node@12@@Z 0041eff0 f i rdKeymap.obj
 0001:0001e020       ?_Left@?$_Tree@KU?$pair@$$CBK_N@std@@U_Kfn@?$map@K_NU?$less@K@std@@V?$allocator@_N@2@@2@U?$less@K@2@V?$allocator@_N@2@@std@@KAAAPAU_Node@12@PAU312@@Z 0041f020 f i rdKeymap.obj
 0001:0001e040       ?_Parent@?$_Tree@KU?$pair@$$CBK_N@std@@U_Kfn@?$map@K_NU?$less@K@std@@V?$allocator@_N@2@@2@U?$less@K@2@V?$allocator@_N@2@@std@@KAAAPAU_Node@12@PAU312@@Z 0041f040 f i rdKeymap.obj
 0001:0001e060       ?_Right@?$_Tree@KU?$pair@$$CBK_N@std@@U_Kfn@?$map@K_NU?$less@K@std@@V?$allocator@_N@2@@2@U?$less@K@2@V?$allocator@_N@2@@std@@KAAAPAU_Node@12@PAU312@@Z 0041f060 f i rdKeymap.obj
 0001:0001e080       ?_Insert@?$_Tree@KU?$pair@$$CBK_N@std@@U_Kfn@?$map@K_NU?$less@K@std@@V?$allocator@_N@2@@2@U?$less@K@2@V?$allocator@_N@2@@std@@IAE?AViterator@12@PAU_Node@12@0ABU?$pair@$$CBK_N@2@@Z 0041f080 f i rdKeymap.obj
 0001:0001e550       ?_Lrotate@?$_Tree@KU?$pair@$$CBK_N@std@@U_Kfn@?$map@K_NU?$less@K@std@@V?$allocator@_N@2@@2@U?$less@K@2@V?$allocator@_N@2@@std@@IAEXPAU_Node@12@@Z 0041f550 f i rdKeymap.obj
 0001:0001e6c0       ?_Max@?$_Tree@KU?$pair@$$CBK_N@std@@U_Kfn@?$map@K_NU?$less@K@std@@V?$allocator@_N@2@@2@U?$less@K@2@V?$allocator@_N@2@@std@@KAPAU_Node@12@PAU312@@Z 0041f6c0 f i rdKeymap.obj
 0001:0001e750       ?_Min@?$_Tree@KU?$pair@$$CBK_N@std@@U_Kfn@?$map@K_NU?$less@K@std@@V?$allocator@_N@2@@2@U?$less@K@2@V?$allocator@_N@2@@std@@KAPAU_Node@12@PAU312@@Z 0041f750 f i rdKeymap.obj
 0001:0001e7e0       ?_Rrotate@?$_Tree@KU?$pair@$$CBK_N@std@@U_Kfn@?$map@K_NU?$less@K@std@@V?$allocator@_N@2@@2@U?$less@K@2@V?$allocator@_N@2@@std@@IAEXPAU_Node@12@@Z 0041f7e0 f i rdKeymap.obj
 0001:0001e950       ?_Buynode@?$_Tree@KU?$pair@$$CBK_N@std@@U_Kfn@?$map@K_NU?$less@K@std@@V?$allocator@_N@2@@2@U?$less@K@2@V?$allocator@_N@2@@std@@IAEPAU_Node@12@PAU312@W4_Redbl@12@@Z 0041f950 f i rdKeymap.obj
 0001:0001e9a0       ?_Destval@?$_Tree@KU?$pair@$$CBK_N@std@@U_Kfn@?$map@K_NU?$less@K@std@@V?$allocator@_N@2@@2@U?$less@K@2@V?$allocator@_N@2@@std@@IAEXPAU?$pair@$$CBK_N@2@@Z 0041f9a0 f i rdKeymap.obj
 0001:0001e9d0       ??0const_iterator@?$_Tree@KU?$pair@$$CBK_N@std@@U_Kfn@?$map@K_NU?$less@K@std@@V?$allocator@_N@2@@2@U?$less@K@2@V?$allocator@_N@2@@std@@QAE@PAU_Node@12@@Z 0041f9d0 f i rdKeymap.obj
 0001:0001e9f0       ?_Mynode@const_iterator@?$_Tree@KU?$pair@$$CBK_N@std@@U_Kfn@?$map@K_NU?$less@K@std@@V?$allocator@_N@2@@2@U?$less@K@2@V?$allocator@_N@2@@std@@QBEPAU_Node@23@XZ 0041f9f0 f i rdKeymap.obj
 0001:0001ea10       ??Eiterator@?$_Tree@KU?$pair@$$CBK_N@std@@U_Kfn@?$map@K_NU?$less@K@std@@V?$allocator@_N@2@@2@U?$less@K@2@V?$allocator@_N@2@@std@@QAEAAV012@XZ 0041fa10 f i rdKeymap.obj
 0001:0001ea30       ??Fiterator@?$_Tree@KU?$pair@$$CBK_N@std@@U_Kfn@?$map@K_NU?$less@K@std@@V?$allocator@_N@2@@2@U?$less@K@2@V?$allocator@_N@2@@std@@QAEAAV012@XZ 0041fa30 f i rdKeymap.obj
 0001:0001ea50       ??8iterator@?$_Tree@KU?$pair@$$CBK_N@std@@U_Kfn@?$map@K_NU?$less@K@std@@V?$allocator@_N@2@@2@U?$less@K@2@V?$allocator@_N@2@@std@@QBE_NABV012@@Z 0041fa50 f i rdKeymap.obj
 0001:0001ea80       ?_Charalloc@?$allocator@E@std@@QAEPADI@Z 0041fa80 f i rdKeymap.obj
 0001:0001eab0       ?_Root@?$_Tree@KU?$pair@$$CBKE@std@@U_Kfn@?$map@KEU?$less@K@std@@V?$allocator@E@2@@2@U?$less@K@2@V?$allocator@E@2@@std@@IBEAAPAU_Node@12@XZ 0041fab0 f i rdKeymap.obj
 0001:0001eae0       ?_Consval@?$_Tree@KU?$pair@$$CBKE@std@@U_Kfn@?$map@KEU?$less@K@std@@V?$allocator@E@2@@2@U?$less@K@2@V?$allocator@E@2@@std@@IAEXPAU?$pair@$$CBKE@2@ABU32@@Z 0041fae0 f i rdKeymap.obj
 0001:0001eb10       ?_Dec@const_iterator@?$_Tree@KU?$pair@$$CBKE@std@@U_Kfn@?$map@KEU?$less@K@std@@V?$allocator@E@2@@2@U?$less@K@2@V?$allocator@E@2@@std@@QAEXXZ 0041fb10 f i rdKeymap.obj
 0001:0001ec20       ?_Inc@const_iterator@?$_Tree@KU?$pair@$$CBKE@std@@U_Kfn@?$map@KEU?$less@K@std@@V?$allocator@E@2@@2@U?$less@K@2@V?$allocator@E@2@@std@@QAEXXZ 0041fc20 f i rdKeymap.obj
 0001:0001ed00       ?_Charalloc@?$allocator@_N@std@@QAEPADI@Z 0041fd00 f i rdKeymap.obj
 0001:0001ed30       ?_Consval@?$_Tree@KU?$pair@$$CBK_N@std@@U_Kfn@?$map@K_NU?$less@K@std@@V?$allocator@_N@2@@2@U?$less@K@2@V?$allocator@_N@2@@std@@IAEXPAU?$pair@$$CBK_N@2@ABU32@@Z 0041fd30 f i rdKeymap.obj
 0001:0001ed60       ?_Dec@const_iterator@?$_Tree@KU?$pair@$$CBK_N@std@@U_Kfn@?$map@K_NU?$less@K@std@@V?$allocator@_N@2@@2@U?$less@K@2@V?$allocator@_N@2@@std@@QAEXXZ 0041fd60 f i rdKeymap.obj
 0001:0001ee70       ?_Inc@const_iterator@?$_Tree@KU?$pair@$$CBK_N@std@@U_Kfn@?$map@K_NU?$less@K@std@@V?$allocator@_N@2@@2@U?$less@K@2@V?$allocator@_N@2@@std@@QAEXXZ 0041fe70 f i rdKeymap.obj
 0001:0001ef50       ?swap@std@@YAXAAW4_Redbl@?$_Tree@KU?$pair@$$CBKE@std@@U_Kfn@?$map@KEU?$less@K@std@@V?$allocator@E@2@@2@U?$less@K@2@V?$allocator@E@2@@1@0@Z 0041ff50 f i rdKeymap.obj
 0001:0001ef80       ?swap@std@@YAXAAW4_Redbl@?$_Tree@KU?$pair@$$CBK_N@std@@U_Kfn@?$map@K_NU?$less@K@std@@V?$allocator@_N@2@@2@U?$less@K@2@V?$allocator@_N@2@@1@0@Z 0041ff80 f i rdKeymap.obj
 0001:0001efb0       ?_Destroy@std@@YAXPAU?$pair@$$CBKE@1@@Z 0041ffb0 f i rdKeymap.obj
 0001:0001efc0       ?_Destroy@std@@YAXPAU?$pair@$$CBK_N@1@@Z 0041ffc0 f i rdKeymap.obj
 0001:0001efd0       ?_Construct@std@@YAXPAU?$pair@$$CBKE@1@ABU21@@Z 0041ffd0 f i rdKeymap.obj
 0001:0001f020       ?_Construct@std@@YAXPAU?$pair@$$CBK_N@1@ABU21@@Z 00420020 f i rdKeymap.obj
 0001:0001f230       ??0rdMenu@@QAE@PAVrdServer@@@Z 00420230 f   rdMenu.obj
 0001:0001f4b0       ??1rdMenu@@QAE@XZ          004204b0 f   rdMenu.obj
 0001:0001f560       ?AddTrayIcon@rdMenu@@IAEXXZ 00420560 f   rdMenu.obj
 0001:0001f5b0       ?DelTrayIcon@rdMenu@@IAEXXZ 004205b0 f   rdMenu.obj
 0001:0001f5d0       ?FlashTrayIcon@rdMenu@@IAEXH@Z 004205d0 f   rdMenu.obj
 0001:0001f600       ?GetIPAddrString@@YAXPADH@Z 00420600 f   rdMenu.obj
 0001:0001f7a0       ?SendTrayMsg@rdMenu@@IAEXKH@Z 004207a0 f   rdMenu.obj
 0001:0001faf0       ?WndProc@rdMenu@@KGJPAUHWND__@@IIJ@Z 00420af0 f   rdMenu.obj
 0001:00020730       ?AllowProperties@rdProperties@@QAEHXZ 00421730 f i rdMenu.obj
 0001:00020750       ?AllowShutdown@rdProperties@@QAEHXZ 00421750 f i rdMenu.obj
 0001:00020770       ?AllowEditClients@rdProperties@@QAEHXZ 00421770 f i rdMenu.obj
 0001:00020790       ??0rdProperties@@QAE@XZ    00421790 f   rdProperties.obj
 0001:000207f0       ??1rdProperties@@QAE@XZ    004217f0 f   rdProperties.obj
 0001:00020810       ?Init@rdProperties@@QAEHPAVrdServer@@@Z 00421810 f   rdProperties.obj
 0001:000209b0       ?Show@rdProperties@@QAEXHH@Z 004219b0 f   rdProperties.obj
 0001:00020d90       ?DialogProc@rdProperties@@SGHPAUHWND__@@IIJ@Z 00421d90 f   rdProperties.obj
 0001:00022020       ?InitPortSettings@rdProperties@@AAEXPAUHWND__@@@Z 00423020 f   rdProperties.obj
 0001:000222a0       ?LoadInt@rdProperties@@IAEJPAUHKEY__@@PBDJ@Z 004232a0 f   rdProperties.obj
 0001:00022310       ?LoadPassword@rdProperties@@IAEXPAUHKEY__@@PADPBD@Z 00423310 f   rdProperties.obj
 0001:00022370       ?LoadStringA@rdProperties@@IAEPADPAUHKEY__@@PBD@Z 00423370 f   rdProperties.obj
 0001:00022440       ?Load@rdProperties@@QAEXH@Z 00423440 f   rdProperties.obj
 0001:00022b20       ?LoadUserPrefs@rdProperties@@IAEXPAUHKEY__@@@Z 00423b20 f   rdProperties.obj
 0001:00022e00       ?ApplyUserPrefs@rdProperties@@IAEXXZ 00423e00 f   rdProperties.obj
 0001:000230c0       ?SaveInt@rdProperties@@IAEXPAUHKEY__@@PBDJ@Z 004240c0 f   rdProperties.obj
 0001:000230f0       ?SavePassword@rdProperties@@IAEXPAUHKEY__@@PBD1@Z 004240f0 f   rdProperties.obj
 0001:00023120       ?Save@rdProperties@@QAEXXZ 00424120 f   rdProperties.obj
 0001:00023270       ?SaveUserPrefs@rdProperties@@IAEXPAUHKEY__@@@Z 00424270 f   rdProperties.obj
 0001:00023500       ??0FromText@rdPasswd@@QAE@PAD@Z 00424500 f i rdProperties.obj
 0001:00023560       ??1FromText@rdPasswd@@QAE@XZ 00424560 f i rdProperties.obj
 0001:00023580       ??BFromText@rdPasswd@@QBEPBDXZ 00424580 f i rdProperties.obj
 0001:000235a0       ??0FromClear@rdPasswd@@QAE@XZ 004245a0 f i rdProperties.obj
 0001:000235e0       ??1FromClear@rdPasswd@@QAE@XZ 004245e0 f i rdProperties.obj
 0001:00023600       ??BFromClear@rdPasswd@@QBEPBDXZ 00424600 f i rdProperties.obj
 0001:00023620       ??0rdRegion@@QAE@XZ        00424620 f   rdRegion.obj
 0001:00023640       ??1rdRegion@@QAE@XZ        00424640 f   rdRegion.obj
 0001:00023660       ?AddRect@rdRegion@@QAEXAAUtagRECT@@@Z 00424660 f   rdRegion.obj
 0001:000236d0       ?SubtractRect@rdRegion@@QAEXAAUtagRECT@@@Z 004246d0 f   rdRegion.obj
 0001:00023730       ?Clear@rdRegion@@QAEXXZ    00424730 f   rdRegion.obj
 0001:00023760       ?Combine@rdRegion@@QAEXAAV1@@Z 00424760 f   rdRegion.obj
 0001:000237f0       ?Intersect@rdRegion@@QAEXAAV1@@Z 004247f0 f   rdRegion.obj
 0001:00023840       ?Subtract@rdRegion@@QAEXAAV1@@Z 00424840 f   rdRegion.obj
 0001:00023890       ?Rectangles@rdRegion@@QAEHAAV?$list@UtagRECT@@V?$allocator@UtagRECT@@@std@@@std@@@Z 00424890 f   rdRegion.obj
 0001:00023960       ?Rectangles@rdRegion@@QAEHAAV?$list@UtagRECT@@V?$allocator@UtagRECT@@@std@@@std@@AAUtagRECT@@@Z 00424960 f   rdRegion.obj
 0001:000239e0       ?push_front@?$list@UtagRECT@@V?$allocator@UtagRECT@@@std@@@std@@QAEXABUtagRECT@@@Z 004249e0 f i rdRegion.obj
 0001:00023a20       ??0rdServer@@QAE@XZ        00424a20 f   rdServer.obj
 0001:00023d00       ??1rdServer@@QAE@XZ        00424d00 f   rdServer.obj
 0001:00023f90       ??_GrdSockConnect@@QAEPAXI@Z 00424f90 f i rdServer.obj
 0001:00023fd0       ??_GrdHTTPConnect@@QAEPAXI@Z 00424fd0 f i rdServer.obj
 0001:00024010       ??_GrdDesktop@@QAEPAXI@Z   00425010 f i rdServer.obj
 0001:00024050       ?DisableClients@rdServer@@UAEXH@Z 00425050 f   rdServer.obj
 0001:00024070       ?ClientsDisabled@rdServer@@UAEHXZ 00425070 f   rdServer.obj
 0001:00024090       ?AddClient@rdServer@@UAEFPAVVSocket@@HH@Z 00425090 f   rdServer.obj
 0001:000240d0       ?AddClient@rdServer@@UAEFPAVVSocket@@HHHHHH@Z 004250d0 f   rdServer.obj
 0001:000243d0       ?Authenticated@rdServer@@UAEHF@Z 004253d0 f   rdServer.obj
 0001:00024720       ?KillClient@rdServer@@UAEXF@Z 00425720 f   rdServer.obj
 0001:000248f0       ?KillAuthClients@rdServer@@UAEXXZ 004258f0 f   rdServer.obj
 0001:000249f0       ?KillUnauthClients@rdServer@@UAEXXZ 004259f0 f   rdServer.obj
 0001:00024af0       ?AuthClientCount@rdServer@@UAEIXZ 00425af0 f   rdServer.obj
 0001:00024b60       ?UnauthClientCount@rdServer@@UAEIXZ 00425b60 f   rdServer.obj
 0001:00024bd0       ?WaitUntilAuthEmpty@rdServer@@UAEXXZ 00425bd0 f   rdServer.obj
 0001:00024c60       ?WaitUntilUnauthEmpty@rdServer@@UAEXXZ 00425c60 f   rdServer.obj
 0001:00024cf0       ?GetClient@rdServer@@UAEPAVrdClient@@F@Z 00425cf0 f   rdServer.obj
 0001:00024d30       ?ClientList@rdServer@@UAE?AV?$list@FV?$allocator@F@std@@@std@@XZ 00425d30 f   rdServer.obj
 0001:00024de0       ?SetTeleport@rdServer@@UAEXFH@Z 00425de0 f   rdServer.obj
 0001:00024e70       ?SetCapability@rdServer@@UAEXFH@Z 00425e70 f   rdServer.obj
 0001:00024f00       ?SetKeyboardEnabled@rdServer@@UAEXFH@Z 00425f00 f   rdServer.obj
 0001:00024f90       ?SetPointerEnabled@rdServer@@UAEXFH@Z 00425f90 f   rdServer.obj
 0001:00025020       ?IsTeleport@rdServer@@UAEHF@Z 00426020 f   rdServer.obj
 0001:000250d0       ?GetCapability@rdServer@@UAEHF@Z 004260d0 f   rdServer.obj
 0001:00025180       ?GetKeyboardEnabled@rdServer@@UAEHF@Z 00426180 f   rdServer.obj
 0001:00025230       ?GetPointerEnabled@rdServer@@UAEHF@Z 00426230 f   rdServer.obj
 0001:000252e0       ?GetClientName@rdServer@@UAEPBDF@Z 004262e0 f   rdServer.obj
 0001:00025390       ?RemoveClient@rdServer@@UAEXF@Z 00426390 f   rdServer.obj
 0001:000256f0       ?AddNotify@rdServer@@UAEHPAUHWND__@@@Z 004266f0 f   rdServer.obj
 0001:00025770       ?RemNotify@rdServer@@UAEHPAUHWND__@@@Z 00426770 f   rdServer.obj
 0001:00025870       ?DoNotify@rdServer@@MAEXIIJ@Z 00426870 f   rdServer.obj
 0001:00025940       ?RequestUpdate@rdServer@@UAEXXZ 00426940 f   rdServer.obj
 0001:000259b0       ?TriggerUpdate@rdServer@@UAEXXZ 004269b0 f   rdServer.obj
 0001:00025a90       ?UpdateRect@rdServer@@UAEXAAUtagRECT@@@Z 00426a90 f   rdServer.obj
 0001:00025b70       ?UpdateRegion@rdServer@@UAEXAAVrdRegion@@@Z 00426b70 f   rdServer.obj
 0001:00025c50       ?CopyRect@rdServer@@UAEXAAUtagRECT@@AAUtagPOINT@@@Z 00426c50 f   rdServer.obj
 0001:00025d30       ?UpdateMouse@rdServer@@UAEXXZ 00426d30 f   rdServer.obj
 0001:00025e10       ?UpdateClipText@rdServer@@UAEXPAD@Z 00426e10 f   rdServer.obj
 0001:00025ef0       ?UpdatePalette@rdServer@@UAEXXZ 00426ef0 f   rdServer.obj
 0001:00025fd0       ?UpdateLocalClipText@rdServer@@UAEXPAD@Z 00426fd0 f   rdServer.obj
 0001:00026050       ?SetName@rdServer@@UAEXPBD@Z 00427050 f   rdServer.obj
 0001:000260b0       ?SetPorts@rdServer@@UAEXII@Z 004270b0 f   rdServer.obj
 0001:00026130       ?SetPassword@rdServer@@UAEXPBD@Z 00427130 f   rdServer.obj
 0001:00026160       ?GetPassword@rdServer@@UAEXPAD@Z 00427160 f   rdServer.obj
 0001:00026190       ?SetPasswordViewOnly@rdServer@@UAEXPBD@Z 00427190 f   rdServer.obj
 0001:000261c0       ?GetPasswordViewOnly@rdServer@@UAEXPAD@Z 004271c0 f   rdServer.obj
 0001:000261f0       ?EnableRemoteInputs@rdServer@@UAEXH@Z 004271f0 f   rdServer.obj
 0001:00026210       ?RemoteInputsEnabled@rdServer@@UAEHXZ 00427210 f   rdServer.obj
 0001:00026230       ?DisableLocalInputs@rdServer@@UAEXH@Z 00427230 f   rdServer.obj
 0001:00026250       ?LocalInputsDisabled@rdServer@@UAEHXZ 00427250 f   rdServer.obj
 0001:00026270       ?SockConnect@rdServer@@UAEHH@Z 00427270 f   rdServer.obj
 0001:00026640       ?SockConnected@rdServer@@UAEHXZ 00427640 f   rdServer.obj
 0001:00026670       ?SetHttpdEnabled@rdServer@@UAEHHH@Z 00427670 f   rdServer.obj
 0001:00026730       ?PollUnderCursor@rdServer@@UAEXH@Z 00427730 f i rdServer.obj
 0001:00026760       ?PollUnderCursor@rdServer@@UAEHXZ 00427760 f i rdServer.obj
 0001:00026780       ?PollForeground@rdServer@@UAEXH@Z 00427780 f i rdServer.obj
 0001:000267b0       ?PollForeground@rdServer@@UAEHXZ 004277b0 f i rdServer.obj
 0001:000267d0       ?PollFullScreen@rdServer@@UAEXH@Z 004277d0 f i rdServer.obj
 0001:00026800       ?SetLoopbackOnly@rdServer@@UAEHH@Z 00427800 f   rdServer.obj
 0001:00026870       ?PollFullScreen@rdServer@@UAEHXZ 00427870 f i rdServer.obj
 0001:00026890       ?PollConsoleOnly@rdServer@@UAEXH@Z 00427890 f i rdServer.obj
 0001:000268c0       ?PollConsoleOnly@rdServer@@UAEHXZ 004278c0 f i rdServer.obj
 0001:000268e0       ?LoopbackOnly@rdServer@@UAEHXZ 004278e0 f   rdServer.obj
 0001:00026900       ?PollOnEventOnly@rdServer@@UAEXH@Z 00427900 f i rdServer.obj
 0001:00026930       ?SetDisableTrayIcon@rdServer@@UAEHH@Z 00427930 f   rdServer.obj
 0001:00026960       ?PollOnEventOnly@rdServer@@UAEHXZ 00427960 f i rdServer.obj
 0001:00026980       ?GetPort@rdServer@@UAEIXZ  00427980 f i rdServer.obj
 0001:000269a0       ?GetDisableTrayIcon@rdServer@@UAEHXZ 004279a0 f   rdServer.obj
 0001:000269c0       ?GetHttpPort@rdServer@@UAEIXZ 004279c0 f i rdServer.obj
 0001:000269e0       ?CORBAConnect@rdServer@@UAEHH@Z 004279e0 f   rdServer.obj
 0001:00026af0       ?SetAutoPortSelect@rdServer@@UAEXH@Z 00427af0 f i rdServer.obj
 0001:00026b60       ?AutoPortSelect@rdServer@@UAEHXZ 00427b60 f i rdServer.obj
 0001:00026b80       ?SetConnectPriority@rdServer@@UAEXI@Z 00427b80 f i rdServer.obj
 0001:00026ba0       ?ConnectPriority@rdServer@@UAEIXZ 00427ba0 f i rdServer.obj
 0001:00026bc0       ?SetAuthRequired@rdServer@@UAEXH@Z 00427bc0 f i rdServer.obj
 0001:00026be0       ??0rdCorbaConnect@@QAE@XZ  00427be0 f i rdServer.obj
 0001:00026c00       ?Init@rdCorbaConnect@@UAEHPAVrdServer@@@Z 00427c00 f i rdServer.obj
 0001:00026c20       ?AuthRequired@rdServer@@UAEHXZ 00427c20 f i rdServer.obj
 0001:00026c40       ?CORBAConnected@rdServer@@UAEHXZ 00427c40 f   rdServer.obj
 0001:00026c70       ?SetBeepConnect@rdServer@@UAEXH@Z 00427c70 f i rdServer.obj
 0001:00026c90       ?GetScreenInfo@rdServer@@UAEXAAH00@Z 00427c90 f   rdServer.obj
 0001:00026da0       ?GetBeepConnect@rdServer@@UAEHXZ 00427da0 f i rdServer.obj
 0001:00026dc0       ?SetBeepDisconnect@rdServer@@UAEXH@Z 00427dc0 f i rdServer.obj
 0001:00026de0       ?GetBeepDisconnect@rdServer@@UAEHXZ 00427de0 f i rdServer.obj
 0001:00026e00       ?SetQuerySetting@rdServer@@UAEXI@Z 00427e00 f i rdServer.obj
 0001:00026e20       ?QuerySetting@rdServer@@UAEIXZ 00427e20 f i rdServer.obj
 0001:00026e40       ?SetQueryTimeout@rdServer@@UAEXI@Z 00427e40 f i rdServer.obj
 0001:00026e60       ?QueryTimeout@rdServer@@UAEIXZ 00427e60 f i rdServer.obj
 0001:00026e80       ?SetAuthHosts@rdServer@@UAEXPBD@Z 00427e80 f   rdServer.obj
 0001:00026f60       ?SetQueryAccept@rdServer@@UAEXH@Z 00427f60 f i rdServer.obj
 0001:00026f80       ?QueryAccept@rdServer@@UAEHXZ 00427f80 f i rdServer.obj
 0001:00026fa0       ?SetQueryAllowNoPass@rdServer@@UAEXH@Z 00427fa0 f i rdServer.obj
 0001:00026fc0       ?QueryAllowNoPass@rdServer@@UAEHXZ 00427fc0 f i rdServer.obj
 0001:00026fe0       ?HttpdEnabled@rdServer@@UAEHXZ 00427fe0 f i rdServer.obj
 0001:00027000       ?AuthHosts@rdServer@@UAEPADXZ 00428000 f   rdServer.obj
 0001:000270a0       ?HttpdParamsEnabled@rdServer@@UAEHXZ 004280a0 f i rdServer.obj
 0001:000270c0       ?SetLoopbackOk@rdServer@@UAEXH@Z 004280c0 f i rdServer.obj
 0001:000270e0       ?LoopbackOk@rdServer@@UAEHXZ 004280e0 f i rdServer.obj
 0001:00027100       ?SetLockSettings@rdServer@@UAEXH@Z 00428100 f i rdServer.obj
 0001:00027120       ?LockSettings@rdServer@@UAEHXZ 00428120 f i rdServer.obj
 0001:00027140       ?SetAutoIdleDisconnectTimeout@rdServer@@UAEXI@Z 00428140 f i rdServer.obj
 0001:00027160       ?AutoIdleDisconnectTimeout@rdServer@@UAEIXZ 00428160 f i rdServer.obj
 0001:00027180       ?EnableRemoveWallpaper@rdServer@@UAEXH@Z 00428180 f i rdServer.obj
 0001:000271a0       ?VerifyHost@rdServer@@UAE?AW4AcceptQueryReject@1@PBD@Z 004281a0 f   rdServer.obj
 0001:00027580       ?MatchStringToTemplate@@YAHPBDI0I@Z 00428580 f i rdServer.obj
 0001:00027600       ?RemoveWallpaperEnabled@rdServer@@UAEHXZ 00428600 f i rdServer.obj
 0001:00027620       ?AdjustVerification@rdServer@@UAE?AW4AcceptQueryReject@1@W421@@Z 00428620 f   rdServer.obj
 0001:000276d0       ?AddAuthHostsBlacklist@rdServer@@UAEXPBD@Z 004286d0 f   rdServer.obj
 0001:00027880       ?RemAuthHostsBlacklist@rdServer@@UAEXPBD@Z 00428880 f   rdServer.obj
 0001:00027950       ??0?$list@FV?$allocator@F@std@@@std@@QAE@ABV?$allocator@F@1@@Z 00428950 f i rdServer.obj
 0001:00027990       ??0?$list@FV?$allocator@F@std@@@std@@QAE@ABV01@@Z 00428990 f i rdServer.obj
 0001:00027a10       ??1?$list@FV?$allocator@F@std@@@std@@QAE@XZ 00428a10 f i rdServer.obj
 0001:00027a70       ??4?$list@FV?$allocator@F@std@@@std@@QAEAAV01@ABV01@@Z 00428a70 f i rdServer.obj
 0001:00027b60       ?begin@?$list@FV?$allocator@F@std@@@std@@QAE?AViterator@12@XZ 00428b60 f i rdServer.obj
 0001:00027ba0       ?end@?$list@FV?$allocator@F@std@@@std@@QAE?AViterator@12@XZ 00428ba0 f i rdServer.obj
 0001:00027bd0       ?size@?$list@FV?$allocator@F@std@@@std@@QBEIXZ 00428bd0 f i rdServer.obj
 0001:00027bf0       ?empty@?$list@FV?$allocator@F@std@@@std@@QBE_NXZ 00428bf0 f i rdServer.obj
 0001:00027c10       ?push_back@?$list@FV?$allocator@F@std@@@std@@QAEXABF@Z 00428c10 f i rdServer.obj
 0001:00027c50       ?erase@?$list@FV?$allocator@F@std@@@std@@QAE?AViterator@12@V312@@Z 00428c50 f i rdServer.obj
 0001:00027d10       ??0iterator@?$list@FV?$allocator@F@std@@@std@@QAE@XZ 00428d10 f i rdServer.obj
 0001:00027d30       ??Diterator@?$list@FV?$allocator@F@std@@@std@@QBEAAFXZ 00428d30 f i rdServer.obj
 0001:00027d60       ??Eiterator@?$list@FV?$allocator@F@std@@@std@@QAE?AV012@H@Z 00428d60 f i rdServer.obj
 0001:00027d90       ??9iterator@?$list@FV?$allocator@F@std@@@std@@QBE_NABV012@@Z 00428d90 f i rdServer.obj
 0001:00027dc0       ??0?$list@PAUHWND__@@V?$allocator@PAUHWND__@@@std@@@std@@QAE@ABV?$allocator@PAUHWND__@@@1@@Z 00428dc0 f i rdServer.obj
 0001:00027e00       ??1?$list@PAUHWND__@@V?$allocator@PAUHWND__@@@std@@@std@@QAE@XZ 00428e00 f i rdServer.obj
 0001:00027e60       ?begin@?$list@PAUHWND__@@V?$allocator@PAUHWND__@@@std@@@std@@QAE?AViterator@12@XZ 00428e60 f i rdServer.obj
 0001:00027ea0       ?end@?$list@PAUHWND__@@V?$allocator@PAUHWND__@@@std@@@std@@QAE?AViterator@12@XZ 00428ea0 f i rdServer.obj
 0001:00027ed0       ?push_front@?$list@PAUHWND__@@V?$allocator@PAUHWND__@@@std@@@std@@QAEXABQAUHWND__@@@Z 00428ed0 f i rdServer.obj
 0001:00027f10       ?erase@?$list@PAUHWND__@@V?$allocator@PAUHWND__@@@std@@@std@@QAE?AViterator@12@V312@@Z 00428f10 f i rdServer.obj
 0001:00027fd0       ??0iterator@?$list@PAUHWND__@@V?$allocator@PAUHWND__@@@std@@@std@@QAE@XZ 00428fd0 f i rdServer.obj
 0001:00027ff0       ??Diterator@?$list@PAUHWND__@@V?$allocator@PAUHWND__@@@std@@@std@@QBEAAPAUHWND__@@XZ 00428ff0 f i rdServer.obj
 0001:00028020       ??Eiterator@?$list@PAUHWND__@@V?$allocator@PAUHWND__@@@std@@@std@@QAE?AV012@H@Z 00429020 f i rdServer.obj
 0001:00028050       ??9iterator@?$list@PAUHWND__@@V?$allocator@PAUHWND__@@@std@@@std@@QBE_NABV012@@Z 00429050 f i rdServer.obj
 0001:00028080       ?begin@?$list@FV?$allocator@F@std@@@std@@QBE?AVconst_iterator@12@XZ 00429080 f i rdServer.obj
 0001:000280c0       ?end@?$list@FV?$allocator@F@std@@@std@@QBE?AVconst_iterator@12@XZ 004290c0 f i rdServer.obj
 0001:000280f0       ?insert@?$list@FV?$allocator@F@std@@@std@@QAE?AViterator@12@V312@ABF@Z 004290f0 f i rdServer.obj
 0001:000281b0       ?insert@?$list@FV?$allocator@F@std@@@std@@QAEXViterator@12@Vconst_iterator@12@1@Z 004291b0 f i rdServer.obj
 0001:00028200       ?erase@?$list@FV?$allocator@F@std@@@std@@QAE?AViterator@12@V312@0@Z 00429200 f i rdServer.obj
 0001:00028260       ?_Buynode@?$list@FV?$allocator@F@std@@@std@@IAEPAU_Node@12@PAU312@0@Z 00429260 f i rdServer.obj
 0001:000282d0       ?_Freenode@?$list@FV?$allocator@F@std@@@std@@IAEXPAU_Node@12@@Z 004292d0 f i rdServer.obj
 0001:00028300       ?_Next@_Acc@?$list@FV?$allocator@F@std@@@std@@SAAAPAU_Node@23@PAU423@@Z 00429300 f i rdServer.obj
 0001:00028320       ?_Prev@_Acc@?$list@FV?$allocator@F@std@@@std@@SAAAPAU_Node@23@PAU423@@Z 00429320 f i rdServer.obj
 0001:00028340       ?_Value@_Acc@?$list@FV?$allocator@F@std@@@std@@SAAAFPAU_Node@23@@Z 00429340 f i rdServer.obj
 0001:00028360       ?destroy@?$allocator@F@std@@QAEXPAF@Z 00429360 f i rdServer.obj
 0001:00028390       ??0const_iterator@?$list@FV?$allocator@F@std@@@std@@QAE@XZ 00429390 f i rdServer.obj
 0001:000283b0       ??Dconst_iterator@?$list@FV?$allocator@F@std@@@std@@QBEABFXZ 004293b0 f i rdServer.obj
 0001:000283e0       ??Econst_iterator@?$list@FV?$allocator@F@std@@@std@@QAEAAV012@XZ 004293e0 f i rdServer.obj
 0001:00028410       ??9const_iterator@?$list@FV?$allocator@F@std@@@std@@QBE_NABV012@@Z 00429410 f i rdServer.obj
 0001:00028440       ?_Mynode@const_iterator@?$list@FV?$allocator@F@std@@@std@@QBEPAU_Node@23@XZ 00429440 f i rdServer.obj
 0001:00028460       ??0iterator@?$list@FV?$allocator@F@std@@@std@@QAE@PAU_Node@12@@Z 00429460 f i rdServer.obj
 0001:00028490       ??Eiterator@?$list@FV?$allocator@F@std@@@std@@QAEAAV012@XZ 00429490 f i rdServer.obj
 0001:000284c0       ??8iterator@?$list@FV?$allocator@F@std@@@std@@QBE_NABV012@@Z 004294c0 f i rdServer.obj
 0001:000284f0       ?insert@?$list@PAUHWND__@@V?$allocator@PAUHWND__@@@std@@@std@@QAE?AViterator@12@V312@ABQAUHWND__@@@Z 004294f0 f i rdServer.obj
 0001:000285b0       ?erase@?$list@PAUHWND__@@V?$allocator@PAUHWND__@@@std@@@std@@QAE?AViterator@12@V312@0@Z 004295b0 f i rdServer.obj
 0001:00028610       ?_Buynode@?$list@PAUHWND__@@V?$allocator@PAUHWND__@@@std@@@std@@IAEPAU_Node@12@PAU312@0@Z 00429610 f i rdServer.obj
 0001:00028680       ?_Freenode@?$list@PAUHWND__@@V?$allocator@PAUHWND__@@@std@@@std@@IAEXPAU_Node@12@@Z 00429680 f i rdServer.obj
 0001:000286b0       ?_Next@_Acc@?$list@PAUHWND__@@V?$allocator@PAUHWND__@@@std@@@std@@SAAAPAU_Node@23@PAU423@@Z 004296b0 f i rdServer.obj
 0001:000286d0       ?_Prev@_Acc@?$list@PAUHWND__@@V?$allocator@PAUHWND__@@@std@@@std@@SAAAPAU_Node@23@PAU423@@Z 004296d0 f i rdServer.obj
 0001:000286f0       ?_Value@_Acc@?$list@PAUHWND__@@V?$allocator@PAUHWND__@@@std@@@std@@SAAAPAUHWND__@@PAU_Node@23@@Z 004296f0 f i rdServer.obj
 0001:00028710       ?destroy@?$allocator@PAUHWND__@@@std@@QAEXPAPAUHWND__@@@Z 00429710 f i rdServer.obj
 0001:00028740       ??0const_iterator@?$list@PAUHWND__@@V?$allocator@PAUHWND__@@@std@@@std@@QAE@XZ 00429740 f i rdServer.obj
 0001:00028760       ?_Mynode@const_iterator@?$list@PAUHWND__@@V?$allocator@PAUHWND__@@@std@@@std@@QBEPAU_Node@23@XZ 00429760 f i rdServer.obj
 0001:00028780       ??0iterator@?$list@PAUHWND__@@V?$allocator@PAUHWND__@@@std@@@std@@QAE@PAU_Node@12@@Z 00429780 f i rdServer.obj
 0001:000287b0       ??Eiterator@?$list@PAUHWND__@@V?$allocator@PAUHWND__@@@std@@@std@@QAEAAV012@XZ 004297b0 f i rdServer.obj
 0001:000287e0       ??8iterator@?$list@PAUHWND__@@V?$allocator@PAUHWND__@@@std@@@std@@QBE_NABV012@@Z 004297e0 f i rdServer.obj
 0001:00028810       ?_Charalloc@?$allocator@F@std@@QAEPADI@Z 00429810 f i rdServer.obj
 0001:00028840       ?deallocate@?$allocator@F@std@@QAEXPAXI@Z 00429840 f i rdServer.obj
 0001:00028870       ?construct@?$allocator@F@std@@QAEXPAFABF@Z 00429870 f i rdServer.obj
 0001:000288a0       ??0const_iterator@?$list@FV?$allocator@F@std@@@std@@QAE@PAU_Node@12@@Z 004298a0 f i rdServer.obj
 0001:000288c0       ??8const_iterator@?$list@FV?$allocator@F@std@@@std@@QBE_NABV012@@Z 004298c0 f i rdServer.obj
 0001:000288f0       ?_Charalloc@?$allocator@PAUHWND__@@@std@@QAEPADI@Z 004298f0 f i rdServer.obj
 0001:00028920       ?deallocate@?$allocator@PAUHWND__@@@std@@QAEXPAXI@Z 00429920 f i rdServer.obj
 0001:00028950       ?construct@?$allocator@PAUHWND__@@@std@@QAEXPAPAUHWND__@@ABQAU3@@Z 00429950 f i rdServer.obj
 0001:00028980       ??0const_iterator@?$list@PAUHWND__@@V?$allocator@PAUHWND__@@@std@@@std@@QAE@PAU_Node@12@@Z 00429980 f i rdServer.obj
 0001:000289a0       ?_Destroy@std@@YAXPAF@Z    004299a0 f i rdServer.obj
 0001:000289b0       ?_Destroy@std@@YAXPAPAUHWND__@@@Z 004299b0 f i rdServer.obj
 0001:000289c0       ?_Construct@std@@YAXPAFABF@Z 004299c0 f i rdServer.obj
 0001:00028a10       ?_Construct@std@@YAXPAPAUHWND__@@ABQAU2@@Z 00429a10 f i rdServer.obj
 0001:00028a90       ??0rdService@@QAE@XZ       00429a90 f   rdService.obj
 0001:00028b00       ?GetCurrentUser@rdService@@SAHPADI@Z 00429b00 f   rdService.obj
 0001:00028c80       ?CurrentUser@rdService@@SAHPADI@Z 00429c80 f   rdService.obj
 0001:00028ce0       ?IsWin95@rdService@@SAHXZ  00429ce0 f   rdService.obj
 0001:00028d00       ?IsWinNT@rdService@@SAHXZ  00429d00 f   rdService.obj
 0001:00028d20       ?VersionMajor@rdService@@SAKXZ 00429d20 f   rdService.obj
 0001:00028d40       ?VersionMinor@rdService@@SAKXZ 00429d40 f   rdService.obj
 0001:00028d60       ?PostToWinrd@@YAHIIJ@Z     00429d60 f   rdService.obj
 0001:00028db0       ?SelectHDESK@rdService@@SAHPAUHDESK__@@@Z 00429db0 f   rdService.obj
 0001:00028eb0       ?SelectDesktop@rdService@@SAHPAD@Z 00429eb0 f   rdService.obj
 0001:00028f90       ?InputDesktopSelected@rdService@@SAHXZ 00429f90 f   rdService.obj
 0001:00029120       ?SimulateCtrlAltDelThreadFn@@YAPAXPAX@Z 0042a120 f   rdService.obj
 0001:000291b0       ?SimulateCtrlAltDel@rdService@@SAHXZ 0042a1b0 f   rdService.obj
 0001:00029230       ?LockWorkstation@rdService@@SAHXZ 0042a230 f   rdService.obj
 0001:00029330       ?ShowProperties@rdService@@SAHXZ 0042a330 f   rdService.obj
 0001:000293c0       ?ShowDefaultProperties@rdService@@SAHXZ 0042a3c0 f   rdService.obj
 0001:00029410       ?ShowAboutBox@rdService@@SAHXZ 0042a410 f   rdService.obj
 0001:00029460       ?PostAddNewClient@rdService@@SAHKG@Z 0042a460 f   rdService.obj
 0001:000294b0       ?RunningAsService@rdService@@SAHXZ 0042a4b0 f   rdService.obj
[...]
 0001:0002b330       ?rfbTranslateWithRGBTables32to8@@YAXPADPAU_rfbPixelFormat@@100HHH@Z 0042c330 f   translate.obj
 0001:0002b460       ?rfbInitTrueColourSingleTable16@@YAXPAPADPAU_rfbPixelFormat@@1@Z 0042c460 f   translate.obj
 0001:0002b650       ?rfbInitTrueColourRGBTables16@@YAXPAPADPAU_rfbPixelFormat@@1@Z 0042c650 f   translate.obj
 0001:0002b7a0       ?rfbInitOneRGBTable16@@YAXPAGHHHH@Z 0042c7a0 f   translate.obj
 0001:0002b840       ?rfbInitColourMapSingleTable16@@YAXPAPADPAU_rfbPixelFormat@@1@Z 0042c840 f   translate.obj
 0001:0002baa0       ?rfbTranslateWithSingleTable8to16@@YAXPADPAU_rfbPixelFormat@@100HHH@Z 0042caa0 f   translate.obj
 0001:0002bb30       ?rfbTranslateWithRGBTables8to16@@YAXPADPAU_rfbPixelFormat@@100HHH@Z 0042cb30 f   translate.obj
 0001:0002bc70       ?rfbTranslateWithSingleTable16to16@@YAXPADPAU_rfbPixelFormat@@100HHH@Z 0042cc70 f   translate.obj
 0001:0002bd00       ?rfbTranslateWithRGBTables16to16@@YAXPADPAU_rfbPixelFormat@@100HHH@Z 0042cd00 f   translate.obj
 0001:0002be40       ?rfbTranslateWithSingleTable32to16@@YAXPADPAU_rfbPixelFormat@@100HHH@Z 0042ce40 f   translate.obj
 0001:0002bed0       ?rfbTranslateWithRGBTables32to16@@YAXPADPAU_rfbPixelFormat@@100HHH@Z 0042ced0 f   translate.obj
 0001:0002c000       ?rfbInitTrueColourSingleTable32@@YAXPAPADPAU_rfbPixelFormat@@1@Z 0042d000 f   translate.obj
 0001:0002c210       ?rfbInitTrueColourRGBTables32@@YAXPAPADPAU_rfbPixelFormat@@1@Z 0042d210 f   translate.obj
 0001:0002c360       ?rfbInitOneRGBTable32@@YAXPAKHHHH@Z 0042d360 f   translate.obj
 0001:0002c420       ?rfbInitColourMapSingleTable32@@YAXPAPADPAU_rfbPixelFormat@@1@Z 0042d420 f   translate.obj
 0001:0002c6b0       ?rfbTranslateWithSingleTable8to32@@YAXPADPAU_rfbPixelFormat@@100HHH@Z 0042d6b0 f   translate.obj
 0001:0002c730       ?rfbTranslateWithRGBTables8to32@@YAXPADPAU_rfbPixelFormat@@100HHH@Z 0042d730 f   translate.obj
 0001:0002c860       ?rfbTranslateWithSingleTable16to32@@YAXPADPAU_rfbPixelFormat@@100HHH@Z 0042d860 f   translate.obj
 0001:0002c8f0       ?rfbTranslateWithRGBTables16to32@@YAXPADPAU_rfbPixelFormat@@100HHH@Z 0042d8f0 f   translate.obj
 0001:0002ca30       ?rfbTranslateWithSingleTable32to32@@YAXPADPAU_rfbPixelFormat@@100HHH@Z 0042da30 f   translate.obj
 0001:0002cac0       ?rfbTranslateWithRGBTables32to32@@YAXPADPAU_rfbPixelFormat@@100HHH@Z 0042dac0 f   translate.obj
 0001:0002a950       _$E7                       0042b950 f   stdhdrs.obj
 0001:0002a970       _$E4                       0042b970 f   stdhdrs.obj
 0001:0002a9a0       _$E6                       0042b9a0 f   stdhdrs.obj
 0001:0002a9c0       _$E5                       0042b9c0 f   stdhdrs.obj
 0001:0002a810       _$E8                       0042b810 f   rdTimedMsgBox.obj
 0001:0002a830       _$E7                       0042b830 f   rdTimedMsgBox.obj
 0001:0002a5f0       _$E8                       0042b5f0 f   rdSockConnect.obj
 0001:0002a610       _$E7                       0042b610 f   rdSockConnect.obj
 0001:00028a50       _$E13                      00429a50 f   rdService.obj
 0001:00028a70       _$E12                      00429a70 f   rdService.obj
 0001:00029380       _$E8                       0042a380 f   rdService.obj
 0001:000293a0       _$E7                       0042a3a0 f   rdService.obj
 0001:000246e0       _$E8                       004256e0 f   rdServer.obj
 0001:00024700       _$E7                       00425700 f   rdServer.obj
 0001:00021fe0       _$E8                       00422fe0 f   rdProperties.obj
 0001:00022000       _$E7                       00423000 f   rdProperties.obj
 0001:0001f070       _$E13                      00420070 f   rdMenu.obj
 0001:0001f090       _$E12                      00420090 f   rdMenu.obj
 0001:0001f0b0       _$E16                      004200b0 f   rdMenu.obj
 0001:0001f0d0       _$E15                      004200d0 f   rdMenu.obj
 0001:0001f0f0       _$E19                      004200f0 f   rdMenu.obj
 0001:0001f110       _$E18                      00420110 f   rdMenu.obj
 0001:0001f130       _$E22                      00420130 f   rdMenu.obj
 0001:0001f150       _$E21                      00420150 f   rdMenu.obj
 0001:0001f170       _$E25                      00420170 f   rdMenu.obj
 0001:0001f190       _$E24                      00420190 f   rdMenu.obj
 0001:0001f1b0       _$E28                      004201b0 f   rdMenu.obj
 0001:0001f1d0       _$E27                      004201d0 f   rdMenu.obj
 0001:0001f1f0       _$E31                      004201f0 f   rdMenu.obj
 0001:0001f210       _$E30                      00420210 f   rdMenu.obj
 0001:0001fab0       _$E8                       00420ab0 f   rdMenu.obj
 0001:0001fad0       _$E7                       00420ad0 f   rdMenu.obj
 0001:00020440       ?KillWallpaper@@YAXXZ      00421440 f   rdMenu.obj
 0001:00020470       ?KillActiveDesktop@@YAXXZ  00421470 f   rdMenu.obj
 0001:000205d0       ?RestoreWallpaper@@YAXXZ   004215d0 f   rdMenu.obj
 0001:00020600       ?RestoreActiveDesktop@@YAXXZ 00421600 f   rdMenu.obj
 0001:0001a4c0       _$E11                      0041b4c0 f   rdKeymap.obj
 0001:0001a4e0       _$E8                       0041b4e0 f   rdKeymap.obj
 0001:0001a5d0       _$E10                      0041b5d0 f   rdKeymap.obj
 0001:0001a5f0       _$E9                       0041b5f0 f   rdKeymap.obj
 0001:00019fe0       _$E8                       0041afe0 f   rdHTTPConnect.obj
 0001:0001a000       _$E7                       0041b000 f   rdHTTPConnect.obj
 0001:00018070       _$E8                       00419070 f   rdEncodeZlibHex.obj
 0001:00018090       _$E7                       00419090 f   rdEncodeZlibHex.obj
 0001:000180b0       ?subrectEncode8@@YAIPAE0HHEEH@Z 004190b0 f   rdEncodeZlibHex.obj
 0001:000183a0       ?testColours8@@YAXPAEHPAH100@Z 004193a0 f   rdEncodeZlibHex.obj
 0001:00018940       ?subrectEncode16@@YAIPAGPAEHHGGH@Z 00419940 f   rdEncodeZlibHex.obj
 0001:00018c60       ?testColours16@@YAXPAGHPAH100@Z 00419c60 f   rdEncodeZlibHex.obj
 0001:00019240       ?subrectEncode32@@YAIPAKPAEHHKKH@Z 0041a240 f   rdEncodeZlibHex.obj
 0001:00019560       ?testColours32@@YAXPAKHPAH100@Z 0041a560 f   rdEncodeZlibHex.obj
 0001:00017600       _$E8                       00418600 f   rdEncodeZlib.obj
 0001:00017620       _$E7                       00418620 f   rdEncodeZlib.obj
 0001:00012da0       _$E8                       00413da0 f   rdEncodeTight.obj
 0001:00012dc0       _$E7                       00413dc0 f   rdEncodeTight.obj
 0001:00016df0       ?JpegSetDstManager@@YAXPAUjpeg_compress_struct@@PAEI@Z 00417df0 f   rdEncodeTight.obj
 0001:00016e40       ?JpegInitDestination@@YAXPAUjpeg_compress_struct@@@Z 00417e40 f   rdEncodeTight.obj
 0001:00016e70       ?JpegEmptyOutputBuffer@@YAEPAUjpeg_compress_struct@@@Z 00417e70 f   rdEncodeTight.obj
 0001:00016ea0       ?JpegTermDestination@@YAXPAUjpeg_compress_struct@@@Z 00417ea0 f   rdEncodeTight.obj
 0001:000113d0       _$E8                       004123d0 f   rdEncodeRRE.obj
 0001:000113f0       _$E7                       004123f0 f   rdEncodeRRE.obj
 0001:000117d0       ?subrectEncode8@@YAHPAE0HHH@Z 004127d0 f   rdEncodeRRE.obj
 0001:00011b20       ?subrectEncode16@@YAHPAGPAEHHH@Z 00412b20 f   rdEncodeRRE.obj
 0001:00011e80       ?subrectEncode32@@YAHPAKPAEHHH@Z 00412e80 f   rdEncodeRRE.obj
 0001:000121b0       ?getBgColour@@YAKPADHH@Z   004131b0 f   rdEncodeRRE.obj
 0001:00010740       _$E8                       00411740 f   rdEncoder.obj
 0001:00010760       _$E7                       00411760 f   rdEncoder.obj
 0001:0000e870       ?subrectEncode8@@YAIPAE0HHEEH@Z 0040f870 f   rdEncodeHexT.obj
 0001:0000eb60       ?testColours8@@YAXPAEHPAH100@Z 0040fb60 f   rdEncodeHexT.obj
 0001:0000ec40       _$E8                       0040fc40 f   rdEncodeHexT.obj
 0001:0000ec60       _$E7                       0040fc60 f   rdEncodeHexT.obj
 0001:0000ef80       ?subrectEncode16@@YAIPAGPAEHHGGH@Z 0040ff80 f   rdEncodeHexT.obj
 0001:0000f2a0       ?testColours16@@YAXPAGHPAH100@Z 004102a0 f   rdEncodeHexT.obj
 0001:0000f6c0       ?subrectEncode32@@YAIPAKPAEHHKKH@Z 004106c0 f   rdEncodeHexT.obj
 0001:0000f9e0       ?testColours32@@YAXPAKHPAH100@Z 004109e0 f   rdEncodeHexT.obj
 0001:0000d710       _$E8                       0040e710 f   rdEncodeCoRRE.obj
 0001:0000d730       _$E7                       0040e730 f   rdEncodeCoRRE.obj
 0001:0000d750       ?Max@@YAHHH@Z              0040e750 f   rdEncodeCoRRE.obj
 0001:0000d770       ?Min@@YAHHH@Z              0040e770 f   rdEncodeCoRRE.obj
 0001:0000d790       ?subrectEncode8@@YAHPAE0HHH@Z 0040e790 f   rdEncodeCoRRE.obj
 0001:0000da90       ?subrectEncode16@@YAHPAGPAEHHH@Z 0040ea90 f   rdEncodeCoRRE.obj
 0001:0000dda0       ?subrectEncode32@@YAHPAKPAEHHH@Z 0040eda0 f   rdEncodeCoRRE.obj
 0001:0000e080       ?getBgColour@@YAKPADHH@Z   0040f080 f   rdEncodeCoRRE.obj
 0001:00009dd0       _$E29                      0040add0 f   rdDesktop.obj
 0001:00009df0       _$E28                      0040adf0 f   rdDesktop.obj
 0001:00009e10       _$E32                      0040ae10 f   rdDesktop.obj
 0001:00009e30       _$E31                      0040ae30 f   rdDesktop.obj
 0001:00009e50       _$E35                      0040ae50 f   rdDesktop.obj
 0001:00009e70       _$E34                      0040ae70 f   rdDesktop.obj
 0001:0000a780       _$E8                       0040b780 f   rdDesktop.obj
 0001:0000a7a0       _$E7                       0040b7a0 f   rdDesktop.obj
 0001:00009d90       _$E8                       0040ad90 f   rdConnDialog.obj
 0001:00009db0       _$E7                       0040adb0 f   rdConnDialog.obj
 0001:000053b0       _$E8                       004063b0 f   rdClient.obj
 0001:000053d0       _$E7                       004063d0 f   rdClient.obj
 0001:00003930       _$E8                       00404930 f   rdBuffer.obj
 0001:00003950       _$E7                       00404950 f   rdBuffer.obj
 0001:00003970       ?Min@@YAHHH@Z              00404970 f   rdBuffer.obj
 0001:00002290       _$E8                       00403290 f   rdAdvancedProperties.obj
 0001:000022b0       _$E7                       004032b0 f   rdAdvancedProperties.obj
 0001:00000220       _cookey                    00401220 f   d3des.obj
 0001:00000450       _scrunch                   00401450 f   d3des.obj
 0001:00000580       _unscrun                   00401580 f   d3des.obj
 0001:00000670       _desfunc                   00401670 f   d3des.obj
 0001:0003a350       _initial_setup             0043b350 f   libjpeg:jcmaster.obj
 0001:0003a6e0       _validate_script           0043b6e0 f   libjpeg:jcmaster.obj
 0001:0003acd0       _prepare_for_pass          0043bcd0 f   libjpeg:jcmaster.obj
 0001:0003b010       _select_scan_parameters    0043c010 f   libjpeg:jcmaster.obj
 0001:0003b1c0       _per_scan_setup            0043c1c0 f   libjpeg:jcmaster.obj
 0001:0003b4e0       _pass_startup              0043c4e0 f   libjpeg:jcmaster.obj
 0001:0003b550       _finish_pass_master        0043c550 f   libjpeg:jcmaster.obj
 0001:00039b00       _rgb_ycc_start             0043ab00 f   libjpeg:jccolor.obj
 0001:00039c40       _rgb_ycc_convert           0043ac40 f   libjpeg:jccolor.obj
 0001:00039dc0       _rgb_gray_convert          0043adc0 f   libjpeg:jccolor.obj
 0001:00039eb0       _cmyk_ycck_convert         0043aeb0 f   libjpeg:jccolor.obj
 0001:0003a060       _grayscale_convert         0043b060 f   libjpeg:jccolor.obj
 0001:0003a100       _null_convert              0043b100 f   libjpeg:jccolor.obj
 0001:0003a1d0       _null_method               0043b1d0 f   libjpeg:jccolor.obj
 0001:00038ab0       _start_pass_downsample     00439ab0 f   libjpeg:jcsample.obj
 0001:00038ad0       _sep_downsample            00439ad0 f   libjpeg:jcsample.obj
 0001:00038b90       _int_downsample            00439b90 f   libjpeg:jcsample.obj
 0001:00038d20       _expand_right_edge         00439d20 f   libjpeg:jcsample.obj
 0001:00038db0       _fullsize_downsample       00439db0 f   libjpeg:jcsample.obj
 0001:00038e30       _h2v1_downsample           00439e30 f   libjpeg:jcsample.obj
 0001:00038f20       _h2v2_downsample           00439f20 f   libjpeg:jcsample.obj
 0001:00039050       _h2v2_smooth_downsample    0043a050 f   libjpeg:jcsample.obj
 0001:00039430       _fullsize_smooth_downsample 0043a430 f   libjpeg:jcsample.obj
 0001:000380e0       _start_pass_prep           004390e0 f   libjpeg:jcprepct.obj
 0001:00038170       _pre_process_data          00439170 f   libjpeg:jcprepct.obj
 0001:000383b0       _expand_bottom_edge        004393b0 f   libjpeg:jcprepct.obj
 0001:00038420       _pre_process_context       00439420 f   libjpeg:jcprepct.obj
 0001:000386c0       _create_context_buffer     004396c0 f   libjpeg:jcprepct.obj
 0001:00037540       _start_pass_fdctmgr        00438540 f   libjpeg:jcdctmgr.obj
 0001:00037830       _forward_DCT               00438830 f   libjpeg:jcdctmgr.obj
 0001:00037c10       _forward_DCT_float         00438c10 f   libjpeg:jcdctmgr.obj
 0001:00036100       _start_pass_phuff          00437100 f   libjpeg:jcphuff.obj
 0001:00036380       _encode_mcu_DC_first       00437380 f   libjpeg:jcphuff.obj
 0001:00036590       _emit_bits                 00437590 f   libjpeg:jcphuff.obj
 0001:00036710       _dump_buffer               00437710 f   libjpeg:jcphuff.obj
 0001:000367b0       _emit_symbol               004377b0 f   libjpeg:jcphuff.obj
 0001:00036840       _emit_restart              00437840 f   libjpeg:jcphuff.obj
 0001:00036970       _flush_bits                00437970 f   libjpeg:jcphuff.obj
 0001:000369c0       _emit_eobrun               004379c0 f   libjpeg:jcphuff.obj
 0001:00036ac0       _emit_buffered_bits        00437ac0 f   libjpeg:jcphuff.obj
 0001:00036b30       _encode_mcu_AC_first       00437b30 f   libjpeg:jcphuff.obj
 0001:00036dc0       _encode_mcu_DC_refine      00437dc0 f   libjpeg:jcphuff.obj
 0001:00036f10       _encode_mcu_AC_refine      00437f10 f   libjpeg:jcphuff.obj
 0001:00037250       _finish_pass_phuff         00438250 f   libjpeg:jcphuff.obj
 0001:000372e0       _finish_pass_gather_phuff  004382e0 f   libjpeg:jcphuff.obj
 0001:00035110       _start_pass_huff           00436110 f   libjpeg:jchuff.obj
 0001:00035370       _encode_mcu_huff           00436370 f   libjpeg:jchuff.obj
 0001:00035530       _encode_one_block          00436530 f   libjpeg:jchuff.obj
 0001:000357d0       _emit_bits                 004367d0 f   libjpeg:jchuff.obj
 0001:00035950       _dump_buffer               00436950 f   libjpeg:jchuff.obj
 0001:000359d0       _emit_restart              004369d0 f   libjpeg:jchuff.obj
 0001:00035af0       _flush_bits                00436af0 f   libjpeg:jchuff.obj
 0001:00035b50       _finish_pass_huff          00436b50 f   libjpeg:jchuff.obj
 0001:00035c20       _encode_mcu_gather         00436c20 f   libjpeg:jchuff.obj
 0001:00035d60       _htest_one_block           00436d60 f   libjpeg:jchuff.obj
 0001:00035f10       _finish_pass_gather        00436f10 f   libjpeg:jchuff.obj
 0001:00033e30       _start_pass_coef           00434e30 f   libjpeg:jccoefct.obj
 0001:00033f70       _start_iMCU_row            00434f70 f   libjpeg:jccoefct.obj
 0001:00034010       _compress_data             00435010 f   libjpeg:jccoefct.obj
 0001:00034300       _compress_first_pass       00435300 f   libjpeg:jccoefct.obj
 0001:000345f0       _compress_output           004355f0 f   libjpeg:jccoefct.obj
 0001:00033af0       _start_pass_main           00434af0 f   libjpeg:jcmainct.obj
 0001:00033ba0       _process_data_simple_main  00434ba0 f   libjpeg:jcmainct.obj
 0001:000325c0       _write_marker_header       004335c0 f   libjpeg:jcmarker.obj
 0001:00032640       _emit_marker               00433640 f   libjpeg:jcmarker.obj
 0001:00032690       _emit_byte                 00433690 f   libjpeg:jcmarker.obj
 0001:00032740       _emit_2bytes               00433740 f   libjpeg:jcmarker.obj
 0001:000327a0       _write_marker_byte         004337a0 f   libjpeg:jcmarker.obj
 0001:000327e0       _write_file_header         004337e0 f   libjpeg:jcmarker.obj
 0001:00032870       _emit_jfif_app0            00433870 f   libjpeg:jcmarker.obj
 0001:000329a0       _emit_adobe_app14          004339a0 f   libjpeg:jcmarker.obj
 0001:00032aa0       _write_frame_header        00433aa0 f   libjpeg:jcmarker.obj
 0001:00032c50       _emit_dqt                  00433c50 f   libjpeg:jcmarker.obj
 0001:00032dc0       _emit_sof                  00433dc0 f   libjpeg:jcmarker.obj
 0001:00032f20       _write_scan_header         00433f20 f   libjpeg:jcmarker.obj
 0001:00033070       _emit_dht                  00434070 f   libjpeg:jcmarker.obj
 0001:000331f0       _emit_dac                  004341f0 f   libjpeg:jcmarker.obj
 0001:00033210       _emit_dri                  00434210 f   libjpeg:jcmarker.obj
 0001:00033270       _emit_sos                  00434270 f   libjpeg:jcmarker.obj
 0001:000333f0       _write_file_trailer        004343f0 f   libjpeg:jcmarker.obj
 0001:00033430       _write_tables_only         00434430 f   libjpeg:jcmarker.obj
 0001:00030eb0       _alloc_small               00431eb0 f   libjpeg:jmemmgr.obj
 0001:000310a0       _out_of_memory             004320a0 f   libjpeg:jmemmgr.obj
 0001:00031100       _alloc_large               00432100 f   libjpeg:jmemmgr.obj
 0001:00031220       _alloc_sarray              00432220 f   libjpeg:jmemmgr.obj
 0001:00031350       _alloc_barray              00432350 f   libjpeg:jmemmgr.obj
 0001:00031490       _request_virt_sarray       00432490 f   libjpeg:jmemmgr.obj
 0001:00031560       _request_virt_barray       00432560 f   libjpeg:jmemmgr.obj
 0001:00031630       _realize_virt_arrays       00432630 f   libjpeg:jmemmgr.obj
 0001:00031920       _access_virt_sarray        00432920 f   libjpeg:jmemmgr.obj
 0001:00031b70       _do_sarray_io              00432b70 f   libjpeg:jmemmgr.obj
 0001:00031d00       _access_virt_barray        00432d00 f   libjpeg:jmemmgr.obj
 0001:00031f50       _do_barray_io              00432f50 f   libjpeg:jmemmgr.obj
 0001:000320e0       _free_pool                 004330e0 f   libjpeg:jmemmgr.obj
 0001:000322d0       _self_destruct             004332d0 f   libjpeg:jmemmgr.obj
 0001:00030960       _error_exit                00431960 f   libjpeg:jerror.obj
 0001:000309c0       _output_message            004319c0 f   libjpeg:jerror.obj
 0001:00030a30       _emit_message              00431a30 f   libjpeg:jerror.obj
 0001:00030ad0       _format_message            00431ad0 f   libjpeg:jerror.obj
 0001:00030c30       _reset_error_mgr           00431c30 f   libjpeg:jerror.obj
 0001:0002fb70       _std_huff_tables           00430b70 f   libjpeg:jcparam.obj
 0001:0002fc10       _add_huff_table            00430c10 f   libjpeg:jcparam.obj
 0001:00030700       _fill_a_scan               00431700 f   libjpeg:jcparam.obj
 0001:00030770       _fill_scans                00431770 f   libjpeg:jcparam.obj
 0001:000307f0       _fill_dc_scans             004317f0 f   libjpeg:jcparam.obj
 0001:0003c5a1       L1                         0043d5a1 f   MSVCRTD:lldiv.obj
 0001:0003c5bd       L2                         0043d5bd f   MSVCRTD:lldiv.obj
 0001:0003c5d9       L3                         0043d5d9 f   MSVCRTD:lldiv.obj
 0001:0003c5e7       L5                         0043d5e7 f   MSVCRTD:lldiv.obj
 0001:0003c615       L6                         0043d615 f   MSVCRTD:lldiv.obj
 0001:0003c616       L7                         0043d616 f   MSVCRTD:lldiv.obj
 0001:0003c61a       L4                         0043d61a f   MSVCRTD:lldiv.obj
 0001:0003c624       L8                         0043d624 f   MSVCRTD:lldiv.obj
 0001:0003c4e0       _$$$00001                  0043d4e0 f   MSVCRTD:chkstk.obj
 0001:0003c4ec       probepages                 0043d4ec f   MSVCRTD:chkstk.obj
 0001:0003c500       lastpage                   0043d500 f   MSVCRTD:chkstk.obj
 0001:0003c3e0       ?ArrayUnwindFilter@@YAHPAU_EXCEPTION_POINTERS@@@Z 0043d3e0 f   MSVCRTD:ehvecdtr.obj
